<html>
<body>
<pre>
<h1>礦ision Build Log</h1>
<h2>Tool Versions:</h2>
IDE-Version: μVision V5.20.0.0
Copyright (C) 2016 ARM Ltd and ARM Germany GmbH. All rights reserved.
License Information: xjx Microsoft, Microsoft, LIC=S5IDY-I3NY0-33CM1-CV3D0-4CUL5-8FJTR
 
Tool Versions:
Toolchain:       MDK-ARM Professional  Version: 5.20
Toolchain Path:  D:\Program Files (x86)\Keil 5.20\ARM\ARMCC\Bin
C Compiler:      Armcc.exe V5.06 update 2 (build 183)
Assembler:       Armasm.exe V5.06 update 2 (build 183)
Linker/Locator:  ArmLink.exe V5.06 update 2 (build 183)
Library Manager: ArmAr.exe V5.06 update 2 (build 183)
Hex Converter:   FromElf.exe V5.06 update 2 (build 183)
CPU DLL:         SARMCM3.DLL V5.20
Dialog DLL:      DCM.DLL V1.13.7.0
Target DLL:      UL2CM3.DLL V1.157.18.0
Dialog DLL:      TCM.DLL V1.14.9.0
 
<h2>Project:</h2>
C:\Users\Administrator\Desktop\新建文件夹\48.语音识别播报器\Trunk\Bootloader1_Library\Bootloader_Source\STM32F103_Medium\Project\STM32F103_bootloader_1.uvprojx
Project File Date:  07/13/2016

<h2>Output:</h2>
*** Using Compiler 'V5.06 update 2 (build 183)', folder: 'D:\Program Files (x86)\Keil 5.20\ARM\ARMCC\Bin'
Rebuild target 'Target 1'
assembling startup_stm32f10x_md.s...
compiling BestFuLib.c...
compiling system_stm32f10x.c...
compiling CRC.c...
compiling DeviceIDSetAttr.c...
compiling CMDProcess.c...
compiling DeviceUpgradeAttr.c...
compiling Fifo.c...
compiling FifoDataProc.c...
compiling Object.c...
compiling PhyMsgProc.c...
compiling PivotalDataType.c...
compiling Thread.c...
compiling SysExeAttr.c...
compiling Updata.c...
compiling UserData.c...
compiling MsgPackage.c...
compiling FaultManage.c...
compiling Upload.c...
compiling DevPartTab.c...
assembling cpu.asm...
compiling UnitShare_Attr.c...
compiling EEPROM.c...
compiling Program.c...
compiling flash.c...
compiling i2c.c...
compiling gpio.c...
compiling iwdg.c...
compiling spi.c...
compiling sys.c...
compiling SysHard.c...
compiling SysTick.c...
compiling usart.c...
compiling Delay.c...
compiling SI4432.c...
compiling Instruct.c...
compiling main.c...
compiling UnitCfg.c...
linking...
Program Size: Code=11944 RO-data=1004 RW-data=352 ZI-data=8360  
FromELF: creating hex file...
After Build - User command #1: fromelf.exe --bin -o "..\Output\STM32F103_Medium_b1_V10000.bin" "..\Output\STM32F103_Medium_b1_V10000.axf"
"..\Output\STM32F103_Medium_b1_V10000.axf" - 0 Error(s), 0 Warning(s).

<h2>Collection of Component include folders:</h2>
  C:\Users\Administrator\Desktop\新建文件夹\48.语音识别播报器\Trunk\Bootloader1_Library\Bootloader_Source\STM32F103_Medium\Project\RTE
  D:\Program Files (x86)\Keil 5.20\ARM\PACK\Keil\STM32F1xx_DFP\2.1.0\Device\Include

<h2>Collection of Component Files used:</h2>
Build Time Elapsed:  00:00:07
</pre>
</body>
</html>
