<html>
<body>
<pre>
<h1>礦ision Build Log</h1>
<h2>Tool Versions:</h2>
IDE-Version: μVision V5.20.0.0
Copyright (C) 2016 ARM Ltd and ARM Germany GmbH. All rights reserved.
License Information: xjx Microsoft, Microsoft, LIC=S5IDY-I3NY0-33CM1-CV3D0-4CUL5-8FJTR
 
Tool Versions:
Toolchain:       MDK-ARM Professional  Version: 5.20
Toolchain Path:  D:\Program Files (x86)\Keil 5.20\ARM\ARMCC\Bin
C Compiler:      Armcc.exe V5.06 update 2 (build 183)
Assembler:       Armasm.exe V5.06 update 2 (build 183)
Linker/Locator:  ArmLink.exe V5.06 update 2 (build 183)
Library Manager: ArmAr.exe V5.06 update 2 (build 183)
Hex Converter:   FromElf.exe V5.06 update 2 (build 183)
CPU DLL:         SARMCM3.DLL V5.20
Dialog DLL:      DCM.DLL V1.13.7.0
Target DLL:      UL2CM3.DLL V1.157.18.0
Dialog DLL:      TCM.DLL V1.14.9.0
 
<h2>Project:</h2>
C:\Users\Administrator\Desktop\新建文件夹\48.语音识别播报器\Trunk\Bootloader0_Library\STM32F103_Medium\Project\STM32F103_bootloader_0.uvprojx
Project File Date:  07/13/2016

<h2>Output:</h2>
*** Using Compiler 'V5.06 update 2 (build 183)', folder: 'D:\Program Files (x86)\Keil 5.20\ARM\ARMCC\Bin'
Build target 'Target 1'
assembling startup_stm32f10x_md.s...
compiling main.c...
linking...
Program Size: Code=376 RO-data=252 RW-data=0 ZI-data=1632  
FromELF: creating hex file...
After Build - User command #1: fromelf.exe --bin -o "..\Output\STM32F1xx_Medium_b0_V10000.bin" "..\Output\STM32F1xx_Medium_b0_V10000.axf"
"..\Output\STM32F1xx_Medium_b0_V10000.axf" - 0 Error(s), 0 Warning(s).

<h2>Collection of Component include folders:</h2>
  C:\Users\Administrator\Desktop\新建文件夹\48.语音识别播报器\Trunk\Bootloader0_Library\STM32F103_Medium\Project\RTE
  D:\Program Files (x86)\Keil 5.20\ARM\PACK\Keil\STM32F1xx_DFP\2.1.0\Device\Include

<h2>Collection of Component Files used:</h2>
Build Time Elapsed:  00:00:01
</pre>
</body>
</html>
