Component: ARM Compiler 5.06 update 2 (build 183) Tool: armlink [4d35b7]

==============================================================================

Section Cross References

    system_stm32f10x.o(.text) refers to system_stm32f10x.o(.data) for AHBPrescTable
    startup_stm32f10x_md.o(STACK) refers (Special) to heapauxi.o(.text) for __use_two_region_memory
    startup_stm32f10x_md.o(HEAP) refers (Special) to heapauxi.o(.text) for __use_two_region_memory
    startup_stm32f10x_md.o(RESET) refers (Special) to heapauxi.o(.text) for __use_two_region_memory
    startup_stm32f10x_md.o(RESET) refers to startup_stm32f10x_md.o(STACK) for __initial_sp
    startup_stm32f10x_md.o(RESET) refers to startup_stm32f10x_md.o(.text) for Reset_Handler
    startup_stm32f10x_md.o(RESET) refers to uart.o(.text) for HardFault_Handler
    startup_stm32f10x_md.o(RESET) refers to systick.o(.text) for SysTick_Handler
    startup_stm32f10x_md.o(RESET) refers to wt558d.o(.text) for EXTI9_5_IRQHandler
    startup_stm32f10x_md.o(RESET) refers to si4432.o(.text) for EXTI15_10_IRQHandler
    startup_stm32f10x_md.o(.text) refers (Special) to heapauxi.o(.text) for __use_two_region_memory
    startup_stm32f10x_md.o(.text) refers to system_stm32f10x.o(.text) for SystemInit
    startup_stm32f10x_md.o(.text) refers to __main.o(!!!main) for __main
    startup_stm32f10x_md.o(.text) refers to startup_stm32f10x_md.o(HEAP) for Heap_Mem
    startup_stm32f10x_md.o(.text) refers to startup_stm32f10x_md.o(STACK) for Stack_Mem
    devicereset.o(.text) refers to gpio.o(.text) for GPIOx_Get
    devicereset.o(.text) refers to thread.o(.text) for Thread_Login
    devicereset.o(.text) refers to userdata.o(.text) for UserEEPROMData_Init
    devicereset.o(.text) refers to unitshare_attr.o(.text) for Set_UnitChecking_Attr
    devicereset.o(.text) refers to wt558d.o(.text) for WT588D_Report
    devicereset.o(.text) refers to devicereset.o(.data) for cnt
    i2c.o(.text) refers to gpio.o(.text) for GPIOx_Cfg
    instruct.o(.text) refers to gpio.o(.text) for GPIOx_Set
    instruct.o(.text) refers to thread.o(.text) for Thread_Login
    program.o(.text) refers to flash.o(.text) for Flash_Unlock
    program.o(.text) refers to program.o(.constdata) for .constdata
    si4432.o(.text) refers to gpio.o(.text) for GPIOx_Rst
    si4432.o(.text) refers to spi.o(.text) for SPI2_ReadWriteByte
    si4432.o(.text) refers to delay.o(.text) for delay_ms
    si4432.o(.text) refers to faultmanage.o(.text) for Fault_Upload
    si4432.o(.text) refers to systick.o(.text) for Time_Get
    si4432.o(.text) refers to si4432.o(.data) for TestRecFlag
    si4432.o(.text) refers to si4432.o(.bss) for TestRecRSSI
    si4432.o(.text) refers to si4432.o(.constdata) for Si4432Cfg_Tab
    si4432.o(.text) refers to updata.o(.text) for Channel_Get
    si4432.o(.text) refers to thread.o(.text) for Thread_Login
    si4432.o(.text) refers to sys.o(.text) for Ex_NVIC_Config
    si4432.o(.text) refers to dataencrypt.o(.text) for DecryptData
    si4432.o(.text) refers to sign433attr.o(.text) for Get_Sign433_MasterAddr
    si4432.o(.text) refers to command.o(.text) for head_put
    si4432.o(.text) refers to fifo.o(.text) for fifo_putc
    si4432.o(.text) refers to cmdprocess.o(.bss) for rcv433_shortfifo
    sys.o(.text) refers to sys.o(.emb_text) for Set_MSP
    syshard.o(.text) refers to devparttab.o(.text) for DevPivotalSetInit
    syshard.o(.text) refers to systick.o(.text) for SysTick_Init
    syshard.o(.text) refers to program.o(.text) for FlashEncryptionInit
    syshard.o(.text) refers to i2c.o(.text) for I2C_Init
    syshard.o(.text) refers to si4432.o(.text) for Si4432_Init
    syshard.o(.text) refers to userdata.o(.bss) for gSysData
    systick.o(.text) refers to system_stm32f10x.o(.text) for Get_SysClk_FrqAndSrc
    systick.o(.text) refers to thread.o(.text) for Thread_RunCheck
    systick.o(.text) refers to systick.o(.data) for timer
    test.o(.text) refers to gpio.o(.text) for GPIOx_Cfg
    test.o(.text) refers to test.o(.data) for Test
    wdg.o(.text) refers to gpio.o(.text) for GPIOx_Rvrs
    wdg.o(.text) refers to thread.o(.text) for Thread_Login
    main.o(.text) refers to powerstatus.o(.text) for PowerStatus_Init
    main.o(.text) refers to thread.o(.text) for Thread_Init
    main.o(.text) refers to syshard.o(.text) for SysHard_Init
    main.o(.text) refers to wdg.o(.text) for WDG_Init
    main.o(.text) refers to cmdprocess.o(.text) for FIFOInit
    main.o(.text) refers to instruct.o(.text) for Instruct_Init
    main.o(.text) refers to devicereset.o(.text) for DeviceResetCheck_Init
    main.o(.text) refers to test.o(.text) for Test_Init
    main.o(.text) refers to unitcfg.o(.text) for Unit_Init
    main.o(.text) refers to cmdprocess.o(.bss) for rcv_433
    unitcfg.o(.text) refers to userdata.o(.text) for UnitPublicEEPROMData_Get
    unitcfg.o(.text) refers to unitcfg.o(.bss) for gUnitData
    unitcfg.o(.text) refers to unitcfg.o(.constdata) for UnitTab
[...]
    pSceneManage                             0x20000188   Data           4  userdata.o(.data)
    cnt                                      0x2000018c   Data           1  userdata.o(.data)
    .data                                    0x2000018d   Section        8  dataencrypt.o(.data)
    DevMac                                   0x2000018d   Data           4  dataencrypt.o(.data)
    ActiveKey                                0x20000191   Data           4  dataencrypt.o(.data)
    .data                                    0x20000198   Section        4  devparttab.o(.data)
    pDevPivotalSet                           0x20000198   Data           4  devparttab.o(.data)
    .data                                    0x2000019c   Section        5  object.o(.data)
    seat                                     0x200001a0   Data           1  object.o(.data)
    .data                                    0x200001a1   Section        2  sign433.o(.data)
    SendCount                                0x200001a2   Data           1  sign433.o(.data)
    .data                                    0x200001a4   Section        5  dlyattrprocess.o(.data)
    pDlyExeNode                              0x200001a4   Data           4  dlyattrprocess.o(.data)
    xNodeHasBeenInitialised                  0x200001a8   Data           1  dlyattrprocess.o(.data)
    .bss                                     0x200001ac   Section      100  si4432.o(.bss)
    .bss                                     0x20000210   Section       20  unitcfg.o(.bss)
    .bss                                     0x20000224   Section       36  uart.o(.bss)
    .bss                                     0x20000248   Section       21  voicerecognition.o(.bss)
    .bss                                     0x20000260   Section     1536  syn7318buf.o(.bss)
    ucHeap                                   0x20000260   Data        1536  syn7318buf.o(.bss)
    .bss                                     0x20000860   Section     3456  cmdprocess.o(.bss)
    sendBuf                                  0x20000c80   Data        1024  cmdprocess.o(.bss)
    sendshortBuf                             0x20001340   Data         128  cmdprocess.o(.bss)
    .bss                                     0x200015e0   Section      144  linkscanfifo.o(.bss)
    .bss                                     0x20001670   Section      324  thread.o(.bss)
    thread                                   0x20001670   Data         324  thread.o(.bss)
    .bss                                     0x200017b4   Section       44  updata.o(.bss)
    .bss                                     0x200017e0   Section      288  upload.o(.bss)
    UploadUnit                               0x200017e0   Data         288  upload.o(.bss)
    .bss                                     0x20001900   Section      838  userdata.o(.bss)
    sceneManage                              0x2000191f   Data         807  userdata.o(.bss)
    .bss                                     0x20001c48   Section      320  object.o(.bss)
    RData                                    0x20001c48   Data         320  object.o(.bss)
    .bss                                     0x20001d88   Section       12  sign433.o(.bss)
    .bss                                     0x20001d94   Section      140  userdatadownload.o(.bss)
    .bss                                     0x20001e20   Section     1025  dlyattrprocess.o(.bss)
    DlyExeNode                               0x20001e20   Data        1025  dlyattrprocess.o(.bss)
    .bss                                     0x20002221   Section      351  linksimplesttime.o(.bss)
    .bss                                     0x20002380   Section     1651  linksimplest.o(.bss)
    .bss                                     0x200029f4   Section       96  libspace.o(.bss)
    HEAP                                     0x20002a58   Section        0  startup_stm32f10x_md.o(HEAP)
    STACK                                    0x20002a58   Section     3072  startup_stm32f10x_md.o(STACK)
    Heap_Mem                                 0x20002a58   Data           0  startup_stm32f10x_md.o(HEAP)
    Stack_Mem                                0x20002a58   Data        3072  startup_stm32f10x_md.o(STACK)
    __initial_sp                             0x20003658   Data           0  startup_stm32f10x_md.o(STACK)

    Global Symbols

    Symbol Name                              Value     Ov Type        Size  Object(Section)

    BuildAttributes$$THM_ISAv4$P$D$K$B$S$PE$A:L22UL41UL21$X:L11$S22US41US21$IEEE1$IW$USESV6$~STKCKD$USESV7$~SHL$OSPACE$ROPI$EBA8$UX$STANDARDLIB$REQ8$PRES8$EABIv2 0x00000000   Number         0  anon$$obj.o ABSOLUTE
    __ARM_use_no_argv                        0x00000000   Number         0  main.o ABSOLUTE
    __ARM_exceptions_init                     - Undefined Weak Reference
    __alloca_initialize                       - Undefined Weak Reference
    __arm_preinit_                            - Undefined Weak Reference
    __cpp_initialize__aeabi_                  - Undefined Weak Reference
    __cxa_finalize                            - Undefined Weak Reference
    __rt_locale                               - Undefined Weak Reference
    __sigvec_lookup                           - Undefined Weak Reference
    _atexit_init                              - Undefined Weak Reference
    _call_atexit_fns                          - Undefined Weak Reference
    _clock_init                               - Undefined Weak Reference
    _fp_trap_init                             - Undefined Weak Reference
    _fp_trap_shutdown                         - Undefined Weak Reference
    _get_lc_collate                           - Undefined Weak Reference
    _get_lc_ctype                             - Undefined Weak Reference
    _get_lc_monetary                          - Undefined Weak Reference
    _get_lc_numeric                           - Undefined Weak Reference
    _get_lc_time                              - Undefined Weak Reference
    _getenv_init                              - Undefined Weak Reference
    _handle_redirection                       - Undefined Weak Reference
    _init_alloc                               - Undefined Weak Reference
    _init_user_alloc                          - Undefined Weak Reference
    _initio                                   - Undefined Weak Reference
    _rand_init                                - Undefined Weak Reference
    _signal_finish                            - Undefined Weak Reference
    _signal_init                              - Undefined Weak Reference
    _terminate_alloc                          - Undefined Weak Reference
    _terminate_user_alloc                     - Undefined Weak Reference
    _terminateio                              - Undefined Weak Reference
    __Vectors_Size                           0x000000ec   Number         0  startup_stm32f10x_md.o ABSOLUTE
    __Vectors                                0x08006400   Data           4  startup_stm32f10x_md.o(RESET)
    __Vectors_End                            0x080064ec   Data           0  startup_stm32f10x_md.o(RESET)
    __main                                   0x080064ed   Thumb Code     8  __main.o(!!!main)
    __scatterload                            0x080064f5   Thumb Code     0  __scatter.o(!!!scatter)
    __scatterload_rt2                        0x080064f5   Thumb Code    44  __scatter.o(!!!scatter)
    __scatterload_rt2_thumb_only             0x080064f5   Thumb Code     0  __scatter.o(!!!scatter)
    __scatterload_null                       0x08006503   Thumb Code     0  __scatter.o(!!!scatter)
    __decompress                             0x08006529   Thumb Code    58  __dczerorl.o(!!dczerorl)
    __decompress0                            0x08006529   Thumb Code     0  __dczerorl.o(!!dczerorl)
    __scatterload_zeroinit                   0x08006565   Thumb Code    28  __scatter_zi.o(!!handler_zi)
    __rt_lib_init                            0x08006581   Thumb Code     0  libinit.o(.ARM.Collect$$libinit$$00000000)
    __rt_lib_init_alloca_1                   0x08006583   Thumb Code     0  libinit2.o(.ARM.Collect$$libinit$$0000002E)
    __rt_lib_init_argv_1                     0x08006583   Thumb Code     0  libinit2.o(.ARM.Collect$$libinit$$0000002C)
    __rt_lib_init_atexit_1                   0x08006583   Thumb Code     0  libinit2.o(.ARM.Collect$$libinit$$0000001B)
    __rt_lib_init_clock_1                    0x08006583   Thumb Code     0  libinit2.o(.ARM.Collect$$libinit$$00000021)
    __rt_lib_init_cpp_1                      0x08006583   Thumb Code     0  libinit2.o(.ARM.Collect$$libinit$$00000032)
    __rt_lib_init_exceptions_1               0x08006583   Thumb Code     0  libinit2.o(.ARM.Collect$$libinit$$00000030)
    __rt_lib_init_fp_1                       0x08006583   Thumb Code     0  libinit2.o(.ARM.Collect$$libinit$$00000002)
    __rt_lib_init_fp_trap_1                  0x08006583   Thumb Code     0  libinit2.o(.ARM.Collect$$libinit$$0000001F)
    __rt_lib_init_getenv_1                   0x08006583   Thumb Code     0  libinit2.o(.ARM.Collect$$libinit$$00000023)
    __rt_lib_init_heap_1                     0x08006583   Thumb Code     0  libinit2.o(.ARM.Collect$$libinit$$0000000A)
    __rt_lib_init_lc_collate_1               0x08006583   Thumb Code     0  libinit2.o(.ARM.Collect$$libinit$$00000011)
    __rt_lib_init_lc_ctype_1                 0x08006583   Thumb Code     0  libinit2.o(.ARM.Collect$$libinit$$00000013)
    __rt_lib_init_lc_monetary_1              0x08006583   Thumb Code     0  libinit2.o(.ARM.Collect$$libinit$$00000015)
    __rt_lib_init_lc_numeric_1               0x08006583   Thumb Code     0  libinit2.o(.ARM.Collect$$libinit$$00000017)
    __rt_lib_init_lc_time_1                  0x08006583   Thumb Code     0  libinit2.o(.ARM.Collect$$libinit$$00000019)
    __rt_lib_init_preinit_1                  0x08006583   Thumb Code     0  libinit2.o(.ARM.Collect$$libinit$$00000004)
    __rt_lib_init_rand_1                     0x08006583   Thumb Code     0  libinit2.o(.ARM.Collect$$libinit$$0000000E)
    __rt_lib_init_return                     0x08006583   Thumb Code     0  libinit2.o(.ARM.Collect$$libinit$$00000033)
    __rt_lib_init_signal_1                   0x08006583   Thumb Code     0  libinit2.o(.ARM.Collect$$libinit$$0000001D)
    __rt_lib_init_stdio_1                    0x08006583   Thumb Code     0  libinit2.o(.ARM.Collect$$libinit$$00000025)
    __rt_lib_init_user_alloc_1               0x08006583   Thumb Code     0  libinit2.o(.ARM.Collect$$libinit$$0000000C)
    __rt_lib_shutdown                        0x08006585   Thumb Code     0  libshutdown.o(.ARM.Collect$$libshutdown$$00000000)
    __rt_lib_shutdown_cpp_1                  0x08006587   Thumb Code     0  libshutdown2.o(.ARM.Collect$$libshutdown$$00000002)
    __rt_lib_shutdown_fp_trap_1              0x08006587   Thumb Code     0  libshutdown2.o(.ARM.Collect$$libshutdown$$00000007)
    __rt_lib_shutdown_heap_1                 0x08006587   Thumb Code     0  libshutdown2.o(.ARM.Collect$$libshutdown$$0000000F)
    __rt_lib_shutdown_return                 0x08006587   Thumb Code     0  libshutdown2.o(.ARM.Collect$$libshutdown$$00000010)
    __rt_lib_shutdown_signal_1               0x08006587   Thumb Code     0  libshutdown2.o(.ARM.Collect$$libshutdown$$0000000A)
    __rt_lib_shutdown_stdio_1                0x08006587   Thumb Code     0  libshutdown2.o(.ARM.Collect$$libshutdown$$00000004)
    __rt_lib_shutdown_user_alloc_1           0x08006587   Thumb Code     0  libshutdown2.o(.ARM.Collect$$libshutdown$$0000000C)
    __rt_entry                               0x08006589   Thumb Code     0  __rtentry.o(.ARM.Collect$$rtentry$$00000000)
    __rt_entry_presh_1                       0x08006589   Thumb Code     0  __rtentry2.o(.ARM.Collect$$rtentry$$00000002)
    __rt_entry_sh                            0x08006589   Thumb Code     0  __rtentry4.o(.ARM.Collect$$rtentry$$00000004)
    __rt_entry_li                            0x0800658f   Thumb Code     0  __rtentry2.o(.ARM.Collect$$rtentry$$0000000A)
    __rt_entry_postsh_1                      0x0800658f   Thumb Code     0  __rtentry2.o(.ARM.Collect$$rtentry$$00000009)
    __rt_entry_main                          0x08006593   Thumb Code     0  __rtentry2.o(.ARM.Collect$$rtentry$$0000000D)
    __rt_entry_postli_1                      0x08006593   Thumb Code     0  __rtentry2.o(.ARM.Collect$$rtentry$$0000000C)
    __rt_exit                                0x0800659b   Thumb Code     0  rtexit.o(.ARM.Collect$$rtexit$$00000000)
    __rt_exit_ls                             0x0800659d   Thumb Code     0  rtexit2.o(.ARM.Collect$$rtexit$$00000003)
    __rt_exit_prels_1                        0x0800659d   Thumb Code     0  rtexit2.o(.ARM.Collect$$rtexit$$00000002)
    __rt_exit_exit                           0x080065a1   Thumb Code     0  rtexit2.o(.ARM.Collect$$rtexit$$00000004)
    DisableIRQ                               0x080065a9   Thumb Code     4  sys.o(.emb_text)
    EnableIRQ                                0x080065ad   Thumb Code     4  sys.o(.emb_text)
    Set_MSP                                  0x080065b1   Thumb Code     6  sys.o(.emb_text)
    CPU_SR_Restore                           0x080065b7   Thumb Code     6  sys.o(.emb_text)
    CPU_SR_Save                              0x080065bd   Thumb Code     8  sys.o(.emb_text)
    SystemInit                               0x08006751   Thumb Code    78  system_stm32f10x.o(.text)
    Get_SysClk_FrqAndSrc                     0x0800679f   Thumb Code   144  system_stm32f10x.o(.text)
    Reset_Handler                            0x08006855   Thumb Code     8  startup_stm32f10x_md.o(.text)
    NMI_Handler                              0x0800685d   Thumb Code     2  startup_stm32f10x_md.o(.text)
    MemManage_Handler                        0x08006861   Thumb Code     2  startup_stm32f10x_md.o(.text)
    BusFault_Handler                         0x08006863   Thumb Code     2  startup_stm32f10x_md.o(.text)
    UsageFault_Handler                       0x08006865   Thumb Code     2  startup_stm32f10x_md.o(.text)
    SVC_Handler                              0x08006867   Thumb Code     2  startup_stm32f10x_md.o(.text)
    DebugMon_Handler                         0x08006869   Thumb Code     2  startup_stm32f10x_md.o(.text)
    PendSV_Handler                           0x0800686b   Thumb Code     2  startup_stm32f10x_md.o(.text)
    ADC1_2_IRQHandler                        0x0800686f   Thumb Code     0  startup_stm32f10x_md.o(.text)
    CAN1_RX1_IRQHandler                      0x0800686f   Thumb Code     0  startup_stm32f10x_md.o(.text)
    CAN1_SCE_IRQHandler                      0x0800686f   Thumb Code     0  startup_stm32f10x_md.o(.text)
    DMA1_Channel1_IRQHandler                 0x0800686f   Thumb Code     0  startup_stm32f10x_md.o(.text)
    DMA1_Channel2_IRQHandler                 0x0800686f   Thumb Code     0  startup_stm32f10x_md.o(.text)
    DMA1_Channel3_IRQHandler                 0x0800686f   Thumb Code     0  startup_stm32f10x_md.o(.text)
    DMA1_Channel4_IRQHandler                 0x0800686f   Thumb Code     0  startup_stm32f10x_md.o(.text)
    DMA1_Channel5_IRQHandler                 0x0800686f   Thumb Code     0  startup_stm32f10x_md.o(.text)
    DMA1_Channel6_IRQHandler                 0x0800686f   Thumb Code     0  startup_stm32f10x_md.o(.text)
    DMA1_Channel7_IRQHandler                 0x0800686f   Thumb Code     0  startup_stm32f10x_md.o(.text)
    EXTI0_IRQHandler                         0x0800686f   Thumb Code     0  startup_stm32f10x_md.o(.text)
    EXTI1_IRQHandler                         0x0800686f   Thumb Code     0  startup_stm32f10x_md.o(.text)
    EXTI2_IRQHandler                         0x0800686f   Thumb Code     0  startup_stm32f10x_md.o(.text)
    EXTI3_IRQHandler                         0x0800686f   Thumb Code     0  startup_stm32f10x_md.o(.text)
    EXTI4_IRQHandler                         0x0800686f   Thumb Code     0  startup_stm32f10x_md.o(.text)
    FLASH_IRQHandler                         0x0800686f   Thumb Code     0  startup_stm32f10x_md.o(.text)
    I2C1_ER_IRQHandler                       0x0800686f   Thumb Code     0  startup_stm32f10x_md.o(.text)
    I2C1_EV_IRQHandler                       0x0800686f   Thumb Code     0  startup_stm32f10x_md.o(.text)
    I2C2_ER_IRQHandler                       0x0800686f   Thumb Code     0  startup_stm32f10x_md.o(.text)
    I2C2_EV_IRQHandler                       0x0800686f   Thumb Code     0  startup_stm32f10x_md.o(.text)
    PVD_IRQHandler                           0x0800686f   Thumb Code     0  startup_stm32f10x_md.o(.text)
    RCC_IRQHandler                           0x0800686f   Thumb Code     0  startup_stm32f10x_md.o(.text)
    RTCAlarm_IRQHandler                      0x0800686f   Thumb Code     0  startup_stm32f10x_md.o(.text)
    RTC_IRQHandler                           0x0800686f   Thumb Code     0  startup_stm32f10x_md.o(.text)
    SPI1_IRQHandler                          0x0800686f   Thumb Code     0  startup_stm32f10x_md.o(.text)
    SPI2_IRQHandler                          0x0800686f   Thumb Code     0  startup_stm32f10x_md.o(.text)
    TAMPER_IRQHandler                        0x0800686f   Thumb Code     0  startup_stm32f10x_md.o(.text)
    TIM1_BRK_IRQHandler                      0x0800686f   Thumb Code     0  startup_stm32f10x_md.o(.text)
    TIM1_CC_IRQHandler                       0x0800686f   Thumb Code     0  startup_stm32f10x_md.o(.text)
    TIM1_TRG_COM_IRQHandler                  0x0800686f   Thumb Code     0  startup_stm32f10x_md.o(.text)
    TIM1_UP_IRQHandler                       0x0800686f   Thumb Code     0  startup_stm32f10x_md.o(.text)
    TIM2_IRQHandler                          0x0800686f   Thumb Code     0  startup_stm32f10x_md.o(.text)
    TIM3_IRQHandler                          0x0800686f   Thumb Code     0  startup_stm32f10x_md.o(.text)
    TIM4_IRQHandler                          0x0800686f   Thumb Code     0  startup_stm32f10x_md.o(.text)
    USART1_IRQHandler                        0x0800686f   Thumb Code     0  startup_stm32f10x_md.o(.text)
    USART3_IRQHandler                        0x0800686f   Thumb Code     0  startup_stm32f10x_md.o(.text)
    USBWakeUp_IRQHandler                     0x0800686f   Thumb Code     0  startup_stm32f10x_md.o(.text)
    USB_HP_CAN1_TX_IRQHandler                0x0800686f   Thumb Code     0  startup_stm32f10x_md.o(.text)
    USB_LP_CAN1_RX0_IRQHandler               0x0800686f   Thumb Code     0  startup_stm32f10x_md.o(.text)
    WWDG_IRQHandler                          0x0800686f   Thumb Code     0  startup_stm32f10x_md.o(.text)
    __user_initial_stackheap                 0x08006871   Thumb Code     0  startup_stm32f10x_md.o(.text)
    DeviceResetCheck_Init                    0x080068eb   Thumb Code    36  devicereset.o(.text)
    Flash_Unlock                             0x0800691d   Thumb Code    12  flash.o(.text)
    Flash_lock                               0x08006929   Thumb Code    14  flash.o(.text)
    FLASH_ErasePage                          0x08006981   Thumb Code    74  flash.o(.text)
    Flash_ProgramHalfWord                    0x080069cb   Thumb Code    68  flash.o(.text)
    Flash_Write                              0x08006a0f   Thumb Code    90  flash.o(.text)
    Flash_EraseOptionByte                    0x08006a69   Thumb Code    74  flash.o(.text)
    Flash_WriteOptionByte                    0x08006ab3   Thumb Code    80  flash.o(.text)
    GPIOx_Cfg                                0x08006b11   Thumb Code    92  gpio.o(.text)
    GPIOx_Set                                0x08006b6d   Thumb Code    22  gpio.o(.text)
    GPIOx_Rst                                0x08006b83   Thumb Code    14  gpio.o(.text)
    GPIOx_Rvrs                               0x08006b91   Thumb Code    14  gpio.o(.text)
    GPIOx_Get                                0x08006b9f   Thumb Code    14  gpio.o(.text)
    I2C_Init                                 0x08006bcf   Thumb Code    42  i2c.o(.text)
    IIC_GetState                             0x08006e49   Thumb Code    40  i2c.o(.text)
    IIC_Read                                 0x08006e71   Thumb Code   102  i2c.o(.text)
    IIC_Write                                0x08006ed7   Thumb Code    96  i2c.o(.text)
    IIC_WriteSame                            0x08006f37   Thumb Code    94  i2c.o(.text)
    Instruct_Run                             0x08006fa3   Thumb Code    26  instruct.o(.text)
    Instruct_Init                            0x08006fbd   Thumb Code    28  instruct.o(.text)
    Instruct                                 0x08006fd9   Thumb Code    18  instruct.o(.text)
    Program_Erase                            0x08006ff1   Thumb Code    52  program.o(.text)
    Program_Write                            0x08007025   Thumb Code    44  program.o(.text)
    Program_Read                             0x08007051   Thumb Code    22  program.o(.text)
    Program_WriteEx                          0x08007067   Thumb Code   242  program.o(.text)
    FlashEncryptionInit                      0x08007159   Thumb Code   114  program.o(.text)
    Flash_DefaultValue                       0x080071cb   Thumb Code     6  program.o(.text)
    Flash_PageSize                           0x080071d1   Thumb Code     6  program.o(.text)
    Flash_ChipSize                           0x080071d7   Thumb Code     8  program.o(.text)
    Get_UniqueDeviceID                       0x080071df   Thumb Code    24  program.o(.text)
    SetRecTestStatus                         0x08007211   Thumb Code    14  si4432.o(.text)
    GetRSSIPara                              0x0800721f   Thumb Code     4  si4432.o(.text)
    GetThresholdPara                         0x08007223   Thumb Code     6  si4432.o(.text)
    Si4432_Idle                              0x08007303   Thumb Code    70  si4432.o(.text)
    Si4432_Init                              0x0800747f   Thumb Code   738  si4432.o(.text)
    EXTI15_10_IRQHandler                     0x08007a2d   Thumb Code    22  si4432.o(.text)
    Si4432_Send                              0x08007b1b   Thumb Code    72  si4432.o(.text)
    SPI2_ReadWriteByte                       0x08007b7d   Thumb Code    86  spi.o(.text)
    SPI2_Init                                0x08007bd3   Thumb Code   166  spi.o(.text)
    SPI2_SetSpeed                            0x08007c79   Thumb Code    44  spi.o(.text)
    MY_NVIC_SetVectorTable                   0x08007cb5   Thumb Code    12  sys.o(.text)
    MY_NVIC_PriorityGroupConfig              0x08007cc1   Thumb Code    36  sys.o(.text)
    MY_NVIC_Init                             0x08007ce5   Thumb Code    68  sys.o(.text)
    Ex_NVIC_Config                           0x08007d29   Thumb Code   146  sys.o(.text)
    JumpToCode                               0x08007dbb   Thumb Code    30  sys.o(.text)
    SysHard_Init                             0x08007df9   Thumb Code    24  syshard.o(.text)
    HardID_Check                             0x08007e11   Thumb Code   122  syshard.o(.text)
    HardID_Change                            0x08007e8b   Thumb Code    96  syshard.o(.text)
    SysTick_Init                             0x08007f01   Thumb Code    64  systick.o(.text)
    Time_Get                                 0x08007f41   Thumb Code     6  systick.o(.text)
    UpdateRandomTime                         0x08007f47   Thumb Code    10  systick.o(.text)
    GetRandomTime                            0x08007f51   Thumb Code     6  systick.o(.text)
    SysTick_Handler                          0x08007f57   Thumb Code    34  systick.o(.text)
    Test_Init                                0x08007f85   Thumb Code    30  test.o(.text)
    WDG_Feed                                 0x08007fa9   Thumb Code    20  wdg.o(.text)
    WDG_Init                                 0x08007fbd   Thumb Code    60  wdg.o(.text)
    WDG_FeedOFF                              0x08007ff9   Thumb Code    12  wdg.o(.text)
    HardWDGTest_Attr                         0x08008005   Thumb Code    18  wdg.o(.text)
    main                                     0x0800801d   Thumb Code    66  main.o(.text)
    UnitCnt_Get                              0x08008071   Thumb Code     4  unitcfg.o(.text)
    Unit_Init                                0x08008075   Thumb Code    52  unitcfg.o(.text)
    Key_Init                                 0x080080b1   Thumb Code    64  key.o(.text)
    Key_ValueGet                             0x080080f1   Thumb Code    62  key.o(.text)
    Key_StatusChange                         0x0800812f   Thumb Code    64  key.o(.text)
    Key_Scan                                 0x0800816f   Thumb Code   128  key.o(.text)
    LED_Init                                 0x080081fd   Thumb Code    40  led.o(.text)
    LED_RedOff                               0x08008225   Thumb Code    12  led.o(.text)
    LED_RedOn                                0x08008231   Thumb Code    12  led.o(.text)
    LED_GreenOff                             0x0800823d   Thumb Code    12  led.o(.text)
    LED_GreenOn                              0x08008249   Thumb Code    12  led.o(.text)
    LED_Light                                0x08008255   Thumb Code    12  led.o(.text)
    LED_Drown                                0x08008261   Thumb Code    12  led.o(.text)
    ADC_Init                                 0x0800826d   Thumb Code   272  adc.o(.text)
    ADC_Get                                  0x0800837d   Thumb Code    68  adc.o(.text)
    Capacity_Check                           0x080083cd   Thumb Code   392  capacity.o(.text)
    Capacity_Init                            0x08008555   Thumb Code    22  capacity.o(.text)
    Dormancy                                 0x08008595   Thumb Code    12  powerstatus.o(.text)
    ImmediatelyDormancy                      0x080085a1   Thumb Code    26  powerstatus.o(.text)
    VoiceDormancy                            0x080085bb   Thumb Code    24  powerstatus.o(.text)
    PowerDownCountReset                      0x080085d3   Thumb Code   106  powerstatus.o(.text)
    PowerStatus_Get                          0x0800863d   Thumb Code   124  powerstatus.o(.text)
    PowerStatus_Init                         0x080086b9   Thumb Code    58  powerstatus.o(.text)
    ActivateVoice                            0x080086f3   Thumb Code     2  powerstatus.o(.text)
    LowPowerWarning                          0x080086f5   Thumb Code    16  powerstatus.o(.text)
    UART_Init                                0x0800871d   Thumb Code   122  uart.o(.text)
    UART_Write                               0x08008797   Thumb Code    50  uart.o(.text)
    UART_Send                                0x080087c9   Thumb Code    46  uart.o(.text)
    USART2_IRQHandler                        0x080087f7   Thumb Code    76  uart.o(.text)
    UartRcvProcess                           0x08008843   Thumb Code    92  uart.o(.text)
    HardFault_Handler                        0x0800889f   Thumb Code    16  uart.o(.text)
    PWM_Init                                 0x080088d5   Thumb Code   104  pwm.o(.text)
    LED_State                                0x080089f9   Thumb Code   180  pwm.o(.text)
    LED_RatioSet                             0x08008aad   Thumb Code    10  pwm.o(.text)
    WT588D_PinInit                           0x08008ad9   Thumb Code   190  wt558d.o(.text)
    Set_WT588D_Cmd                           0x08008b97   Thumb Code     6  wt558d.o(.text)
    Check_WT588D_State                       0x08008b9d   Thumb Code    22  wt558d.o(.text)
    Send_WT588D_Cmd                          0x08008bb3   Thumb Code   130  wt558d.o(.text)
    Send_WT588D_Cmd_To_OK                    0x08008c35   Thumb Code    38  wt558d.o(.text)
    Set_WT588D_Volume                        0x08008c5b   Thumb Code    24  wt558d.o(.text)
    WT588D_Report                            0x08008c73   Thumb Code    52  wt558d.o(.text)
    EXTI9_5_IRQHandler                       0x08008ca7   Thumb Code    40  wt558d.o(.text)
    Key_process                              0x08008ce5   Thumb Code   212  keyunit.o(.text)
    KeyUnit_Init                             0x08008db9   Thumb Code    22  keyunit.o(.text)
    voiceUnit_Init                           0x08008de1   Thumb Code     2  voiceplayunit.o(.text)
    UnitInstruct                             0x08008de3   Thumb Code    10  voiceplayunit.o(.text)
    Voice_Reset                              0x08008ded   Thumb Code     2  voicerecognition.o(.text)
    VoiceSet                                 0x08008def   Thumb Code    44  voicerecognition.o(.text)
    Voice_SetSave                            0x08008e1b   Thumb Code    16  voicerecognition.o(.text)
    FreeSYN7318Busy                          0x08008e2b   Thumb Code     8  voicerecognition.o(.text)
    SetSYN7318Busy                           0x08008e33   Thumb Code     8  voicerecognition.o(.text)
    Voice_SetInit                            0x08008e3b   Thumb Code   146  voicerecognition.o(.text)
    Voice_Init                               0x08008ecd   Thumb Code   122  voicerecognition.o(.text)
    VoiceRecognition_Init                    0x08008f47   Thumb Code    40  voicerecognition.o(.text)
    Voice_StopVoice                          0x08008f6f   Thumb Code    20  voicerecognition.o(.text)
    WakeThread                               0x08008f83   Thumb Code    32  voicerecognition.o(.text)
    WT588D_Report_OPERATING                  0x08008fa3   Thumb Code    10  voicerecognition.o(.text)
    WT588D_Report_OPERATING_FAIL             0x08008fad   Thumb Code    10  voicerecognition.o(.text)
    VoiceCmdUpdata                           0x08008fb7   Thumb Code   458  voicerecognition.o(.text)
    Voice_CmdUpdata                          0x08009181   Thumb Code    42  voicerecognition.o(.text)
    Voice_CmdAdd                             0x080091ab   Thumb Code   460  voicerecognition.o(.text)
    Voice_DataEarse                          0x08009377   Thumb Code   118  voicerecognition.o(.text)
    Voice_CmdDel                             0x080093ed   Thumb Code   228  voicerecognition.o(.text)
    Voice_Reset_Cmd                          0x080094d1   Thumb Code     2  voicerecognition.o(.text)
    Voice_Disable                            0x080094d3   Thumb Code     2  voicerecognition.o(.text)
    EnableLeadCMD                            0x080094d5   Thumb Code     8  voicerecognition.o(.text)
    DisableLeadCMD                           0x080094dd   Thumb Code     8  voicerecognition.o(.text)
    StartRecognition                         0x080094e5   Thumb Code    52  voicerecognition.o(.text)
    WorkModeFun                              0x08009519   Thumb Code   444  voicerecognition.o(.text)
    voice_play_Init                          0x08009701   Thumb Code     2  voiceplayattr.o(.text)
    Set_VoicePlay_Attr                       0x08009703   Thumb Code     6  voiceplayattr.o(.text)
    Set_StopPlay_Attr                        0x08009709   Thumb Code     6  voiceplayattr.o(.text)
    VoiceSperkers                            0x0800970f   Thumb Code     6  voiceplayattr.o(.text)
    Set_Speakers_Attr                        0x08009715   Thumb Code    28  voiceplayattr.o(.text)
    Get_Speakers_Attr                        0x08009731   Thumb Code    16  voiceplayattr.o(.text)
    VoicePlayState                           0x08009741   Thumb Code    26  voiceplayattr.o(.text)
    Set_VoicePlayState_Attr                  0x0800975b   Thumb Code    38  voiceplayattr.o(.text)
    Get_VoicePlayState_Attr                  0x08009781   Thumb Code    16  voiceplayattr.o(.text)
    VoiceExe_AttrNum                         0x08009795   Thumb Code     4  voiceexeattr.o(.text)
    VoiceParaInit                            0x08009799   Thumb Code    52  voiceexeattr.o(.text)
    VoiceEepromInit                          0x080097cd   Thumb Code    10  voiceexeattr.o(.text)
    Set_VoiceCmdAdd_Attr                     0x080097d7   Thumb Code    92  voiceexeattr.o(.text)
    Set_VoiceCmdDel_Attr                     0x08009833   Thumb Code    86  voiceexeattr.o(.text)
    Get_VoiceID_Attr                         0x08009889   Thumb Code    16  voiceexeattr.o(.text)
    Set_VoiceSenstivity_Attr                 0x08009899   Thumb Code    34  voiceexeattr.o(.text)
    Get_VoiceSenstivity_Attr                 0x080098bb   Thumb Code    34  voiceexeattr.o(.text)
    Set_VoiceLead_Attr                       0x080098dd   Thumb Code    84  voiceexeattr.o(.text)
    Get_VoiceLead_Attr                       0x08009931   Thumb Code    74  voiceexeattr.o(.text)
    Set_WorkMode_Attr                        0x0800997b   Thumb Code   132  voiceexeattr.o(.text)
    Get_WorkMode_Attr                        0x080099ff   Thumb Code    38  voiceexeattr.o(.text)
    Set_DormancyTime_Attr                    0x08009a25   Thumb Code    38  voiceexeattr.o(.text)
    Get_DormancyTime_Attr                    0x08009a4b   Thumb Code    16  voiceexeattr.o(.text)
    Get_Power_Attr                           0x08009a5b   Thumb Code    32  voiceexeattr.o(.text)
    Get_Cap_Attr                             0x08009a7b   Thumb Code    30  voiceexeattr.o(.text)
    memBlock_malloc                          0x08009aed   Thumb Code    54  syn7318buf.o(.text)
    SaveData_SYN7318                         0x08009b23   Thumb Code   106  syn7318buf.o(.text)
    memBlock_free                            0x08009b8d   Thumb Code    24  syn7318buf.o(.text)
    GetDataFromChain                         0x08009ba5   Thumb Code   126  syn7318buf.o(.text)
    ClrItemFromBuf                           0x08009c23   Thumb Code    24  syn7318buf.o(.text)
    SetRecognitionPara                       0x08009c51   Thumb Code    90  syn7318dataanalyze.o(.text)
    SYN7318PowerOff                          0x08009cab   Thumb Code    12  syn7318dataanalyze.o(.text)
    SYN7318PowerOn                           0x08009cb7   Thumb Code    12  syn7318dataanalyze.o(.text)
    QueryDataAndSendToSYN7318                0x08009cc3   Thumb Code    94  syn7318dataanalyze.o(.text)
    SYN7318RST                               0x08009d21   Thumb Code    82  syn7318dataanalyze.o(.text)
    QueryStateSYN7318                        0x08009d73   Thumb Code    64  syn7318dataanalyze.o(.text)
    SYN7318Prepare                           0x08009db3   Thumb Code   174  syn7318dataanalyze.o(.text)
    FindTheData                              0x08009e61   Thumb Code    48  syn7318dataanalyze.o(.text)
    AnalyzeRcvData                           0x08009e91   Thumb Code   850  syn7318dataanalyze.o(.text)
    SYN7318Init                              0x0800a1e3   Thumb Code   144  syn7318dataanalyze.o(.text)
    CompareData                              0x0800a273   Thumb Code    34  syn7318dataanalyze.o(.text)
    memcpy                                   0x0800a2b1   Thumb Code    28  bestfulib.o(.text)
    memcmp                                   0x0800a2cd   Thumb Code    40  bestfulib.o(.text)
    memset                                   0x0800a2f5   Thumb Code    18  bestfulib.o(.text)
    memmove                                  0x0800a307   Thumb Code    58  bestfulib.o(.text)
    memfind                                  0x0800a341   Thumb Code    64  bestfulib.o(.text)
    memcharget                               0x0800a381   Thumb Code    48  bestfulib.o(.text)
    Process_FIFOData                         0x0800a3b1   Thumb Code   102  cmdprocess.o(.text)
    Msg_Execute                              0x0800a485   Thumb Code   248  cmdprocess.o(.text)
    FIFOInit                                 0x0800a5f5   Thumb Code   172  cmdprocess.o(.text)
    ProcessSend_Fun                          0x0800a6a1   Thumb Code     8  cmdprocess.o(.text)
    head_put                                 0x0800a701   Thumb Code    16  command.o(.text)
    tail_put                                 0x0800a711   Thumb Code    16  command.o(.text)
    short_get                                0x0800a721   Thumb Code   226  command.o(.text)
    short_put                                0x0800a803   Thumb Code   140  command.o(.text)
    EncryptCmd_get                           0x0800a88f   Thumb Code   200  command.o(.text)
    EncryptCmd_getEx                         0x0800a957   Thumb Code    48  command.o(.text)
    EncryptCmd_put                           0x0800a987   Thumb Code   158  command.o(.text)
    delay_us                                 0x0800aa2d   Thumb Code    24  delay.o(.text)
    delay_ms                                 0x0800aa45   Thumb Code    28  delay.o(.text)
    Fault_Upload                             0x0800aa61   Thumb Code    74  faultmanage.o(.text)
    fifo_Init                                0x0800aab1   Thumb Code    26  fifo.o(.text)
    fifo_Rst                                 0x0800aacb   Thumb Code    18  fifo.o(.text)
    fifo_empty                               0x0800aadd   Thumb Code    18  fifo.o(.text)
    fifo_validSize                           0x0800ab2f   Thumb Code    30  fifo.o(.text)
    fifo_puts                                0x0800ab4d   Thumb Code   106  fifo.o(.text)
    fifo_gets                                0x0800abb7   Thumb Code   124  fifo.o(.text)
    fifo_putc                                0x0800ac33   Thumb Code    60  fifo.o(.text)
    fifo_getc                                0x0800ac6f   Thumb Code    62  fifo.o(.text)
    fifo_find                                0x0800acad   Thumb Code    92  fifo.o(.text)
    fifo_cmp                                 0x0800ad09   Thumb Code    62  fifo.o(.text)
    PropFifoInit                             0x0800ad49   Thumb Code    14  linkscanfifo.o(.text)
    PropChangeScanAndExe                     0x0800ad57   Thumb Code    46  linkscanfifo.o(.text)
    PropEventFifo                            0x0800ad85   Thumb Code    86  linkscanfifo.o(.text)
    Set_Sign433_StartSendFrame_Attr          0x0800ade9   Thumb Code    70  sign433attr.o(.text)
    Get_Sign433_MasterAddr                   0x0800ae2f   Thumb Code     6  sign433attr.o(.text)
    Get_Sign433_TestPackNum                  0x0800ae35   Thumb Code     6  sign433attr.o(.text)
    Get_Sign433_StartSendFrame_Attr          0x0800ae3b   Thumb Code    46  sign433attr.o(.text)
    Set_Sign433_StartRecFrame_Attr           0x0800ae69   Thumb Code   100  sign433attr.o(.text)
    Get_Sign433_StartRecFrame_Attr           0x0800aecd   Thumb Code    46  sign433attr.o(.text)
    Set_Sign433_RecFrameStream_Attr          0x0800aefb   Thumb Code    66  sign433attr.o(.text)
    Get_DeviceThreshold_Attr                 0x0800af3d   Thumb Code    22  sign433attr.o(.text)
    Set_Sign433_TestState_Attr               0x0800af53   Thumb Code    20  sign433attr.o(.text)
    Get_Sign433_TestState_Attr               0x0800af67   Thumb Code    16  sign433attr.o(.text)
    Sys_UnitAttrNum                          0x0800af91   Thumb Code     4  sysexeattr.o(.text)
    Upload_RESTART                           0x0800af95   Thumb Code    10  sysexeattr.o(.text)
    SysAttr_Init                             0x0800af9f   Thumb Code    58  sysexeattr.o(.text)
    Get_Version_Attr                         0x0800afd9   Thumb Code   140  sysexeattr.o(.text)
    Get_DeviceType_Attr                      0x0800b065   Thumb Code    84  sysexeattr.o(.text)
    Set_UserID_Attr                          0x0800b0b9   Thumb Code    44  sysexeattr.o(.text)
    Get_UserID_Attr                          0x0800b0e5   Thumb Code    18  sysexeattr.o(.text)
    Set_DeviceChannelFlag_Attr               0x0800b0f7   Thumb Code    30  sysexeattr.o(.text)
    Get_DeviceChannelFlag_Attr               0x0800b115   Thumb Code    22  sysexeattr.o(.text)
    Get_DeviceAddr_Attr                      0x0800b12b   Thumb Code    18  sysexeattr.o(.text)
    Set_CmdAckNum_Attr                       0x0800b13d   Thumb Code    44  sysexeattr.o(.text)
    Get_CmdAckNum_Attr                       0x0800b169   Thumb Code    16  sysexeattr.o(.text)
    Set_RepeatBandAddr_Attr                  0x0800b179   Thumb Code   138  sysexeattr.o(.text)
    Get_RepeatBandAddr_Attr                  0x0800b203   Thumb Code   138  sysexeattr.o(.text)
    Set_RepeatBroadcast_Attr                 0x0800b28d   Thumb Code    38  sysexeattr.o(.text)
    Get_RepeatBroadcast_Attr                 0x0800b2b3   Thumb Code    24  sysexeattr.o(.text)
    Set_UnitArea_Attr                        0x0800b2cb   Thumb Code   126  sysexeattr.o(.text)
    Get_UnitArea_Attr                        0x0800b349   Thumb Code   122  sysexeattr.o(.text)
    Set_UnitType_Attr                        0x0800b3c3   Thumb Code   134  sysexeattr.o(.text)
    Get_UnitType_Attr                        0x0800b449   Thumb Code   112  sysexeattr.o(.text)
    Set_CommonType_Attr                      0x0800b4b9   Thumb Code   134  sysexeattr.o(.text)
    Get_CommonType_Attr                      0x0800b53f   Thumb Code   112  sysexeattr.o(.text)
    Set_UploadAble_Attr                      0x0800b5af   Thumb Code   164  sysexeattr.o(.text)
    Get_UploadAble_Attr                      0x0800b653   Thumb Code   144  sysexeattr.o(.text)
    Set_UnitAble_Attr                        0x0800b6e3   Thumb Code   134  sysexeattr.o(.text)
    Get_UnitAble_Attr                        0x0800b769   Thumb Code   118  sysexeattr.o(.text)
    Get_Eeprom_Info_Attr                     0x0800b7df   Thumb Code    82  sysexeattr.o(.text)
    Set_FaultFlag_Attr                       0x0800b831   Thumb Code    36  sysexeattr.o(.text)
    Get_FaultFlag_Attr                       0x0800b855   Thumb Code    20  sysexeattr.o(.text)
    Set_UserDataFormat_Attr                  0x0800b869   Thumb Code    94  sysexeattr.o(.text)
    Set_DelayUpload_Attr                     0x0800b8c7   Thumb Code    52  sysexeattr.o(.text)
    Set_Link_Attr                            0x0800b8fb   Thumb Code    98  sysexeattr.o(.text)
    Get_Link_Attr                            0x0800b95d   Thumb Code    68  sysexeattr.o(.text)
    Set_Link_Time_Attr                       0x0800b9a1   Thumb Code    98  sysexeattr.o(.text)
    Set_DelLinkForUnit_Attr                  0x0800ba03   Thumb Code    40  sysexeattr.o(.text)
    Get_DeveiceSysClockFeature_Attr          0x0800ba2b   Thumb Code    50  sysexeattr.o(.text)
    Thread_Init                              0x0800ba65   Thumb Code     8  thread.o(.text)
    Thread_Wake                              0x0800ba95   Thumb Code   132  thread.o(.text)
    Thread_Login                             0x0800bb19   Thumb Code   228  thread.o(.text)
    Thread_Logout                            0x0800bbfd   Thumb Code    94  thread.o(.text)
    Thread_Hang                              0x0800bc5b   Thumb Code   108  thread.o(.text)
    Thread_Process                           0x0800bcc7   Thumb Code   106  thread.o(.text)
    Thread_RunCheck                          0x0800bd31   Thumb Code    44  thread.o(.text)
    Thread_Query                             0x0800bd5d   Thumb Code    48  thread.o(.text)
    Set_ManyUnit_Attr                        0x0800bd91   Thumb Code   102  unitshare_attr.o(.text)
    Set_ManyUnitEx_Attr                      0x0800bdf7   Thumb Code    94  unitshare_attr.o(.text)
    Get_ManyUnit_Attr                        0x0800be55   Thumb Code   322  unitshare_attr.o(.text)
    Set_UnitChecking_Attr                    0x0800bf97   Thumb Code   126  unitshare_attr.o(.text)
    Get_SingleUnit_AttrLen                   0x0800c015   Thumb Code   110  unitshare_attr.o(.text)
    UpgradePreStage                          0x0800c0e7   Thumb Code   184  updata.o(.text)
    Updata_PackProcess                       0x0800c19f   Thumb Code   118  updata.o(.text)
    Updata_PackCheck                         0x0800c215   Thumb Code    78  updata.o(.text)
    Updata_Calibrate                         0x0800c263   Thumb Code    32  updata.o(.text)
    Updata_Flag                              0x0800c283   Thumb Code    84  updata.o(.text)
    Updata_Channel                           0x0800c2d7   Thumb Code   114  updata.o(.text)
    Channel_Get                              0x0800c349   Thumb Code    60  updata.o(.text)
    Upload_Fault                             0x0800c45f   Thumb Code    50  upload.o(.text)
    Upload_Check                             0x0800c491   Thumb Code   170  upload.o(.text)
    Upload                                   0x0800c53b   Thumb Code   152  upload.o(.text)
    Upload_Immediately                       0x0800c5d3   Thumb Code    80  upload.o(.text)
    SysTickUpload                            0x0800c623   Thumb Code    64  upload.o(.text)
    SceneEEPROM_Init                         0x0800c685   Thumb Code    42  userdata.o(.text)
    GroupEEPROMUnit_Init                     0x0800c6af   Thumb Code    54  userdata.o(.text)
    GroupEEPROM_Init                         0x0800c6e5   Thumb Code    26  userdata.o(.text)
    UnitPrivateEEPROMUnitData_Init           0x0800c6ff   Thumb Code    36  userdata.o(.text)
    UnitPrivateEEPROMData_Init               0x0800c723   Thumb Code    26  userdata.o(.text)
    UnitPublicEEPROMUnitData_Init            0x0800c73d   Thumb Code   102  userdata.o(.text)
    UnitPublicEEPROMData_Init                0x0800c7a3   Thumb Code    26  userdata.o(.text)
    SysEEPROMData_Init                       0x0800c7bd   Thumb Code    58  userdata.o(.text)
    UserEEPROMData_Init                      0x0800c7f7   Thumb Code    54  userdata.o(.text)
    FaultData_Init                           0x0800c82d   Thumb Code    14  userdata.o(.text)
    UserData_Init                            0x0800c83b   Thumb Code    92  userdata.o(.text)
    FaultData_Save                           0x0800c897   Thumb Code    32  userdata.o(.text)
    FaultData_Get                            0x0800c8b7   Thumb Code    22  userdata.o(.text)
    SysEEPROMData_Set                        0x0800c8cd   Thumb Code    24  userdata.o(.text)
    UnitPublicEEPROMData_Get                 0x0800c8e5   Thumb Code    40  userdata.o(.text)
    UnitPublicEEPROMData_Set                 0x0800c90d   Thumb Code    48  userdata.o(.text)
    SetDeviceChannelFlag                     0x0800c93d   Thumb Code   116  userdata.o(.text)
    GetDeviceChannelFlag                     0x0800c9b1   Thumb Code    82  userdata.o(.text)
    GroupEEPROM_Clr                          0x0800ca03   Thumb Code   408  userdata.o(.text)
    GroupEEPROM_Set                          0x0800cb9b   Thumb Code   294  userdata.o(.text)
    GroupEEPROM_Get                          0x0800ccc1   Thumb Code   158  userdata.o(.text)
    SceneData_Init                           0x0800cd5f   Thumb Code    36  userdata.o(.text)
    SceneEEPROMUnit_Init                     0x0800cd83   Thumb Code   240  userdata.o(.text)
    SceneEEPROM_Clr                          0x0800d157   Thumb Code   370  userdata.o(.text)
    SceneEEPROM_Set                          0x0800d3f1   Thumb Code   268  userdata.o(.text)
    SceneEEPROM_SetEx                        0x0800d557   Thumb Code   514  userdata.o(.text)
    SceneEEPROM_GetEx                        0x0800d7df   Thumb Code   124  userdata.o(.text)
    SceneEEPROM_Get                          0x0800d85b   Thumb Code    66  userdata.o(.text)
    EEPROM_Write                             0x0800d89d   Thumb Code    46  userdata.o(.text)
    EEPROM_Read                              0x0800d8cb   Thumb Code    46  userdata.o(.text)
    EncryptData                              0x0800dbdb   Thumb Code    80  dataencrypt.o(.text)
    DecryptData                              0x0800dc2b   Thumb Code    86  dataencrypt.o(.text)
    EncryptInit                              0x0800dc81   Thumb Code    32  dataencrypt.o(.text)
    DevPivotalSetInit                        0x0800dcb9   Thumb Code   156  devparttab.o(.text)
    GetDevPivotalSet                         0x0800dd55   Thumb Code     6  devparttab.o(.text)
    ChkCrcValue                              0x0800dd69   Thumb Code    52  crc.o(.text)
    ChkCrcValueEx                            0x0800dd9d   Thumb Code    56  crc.o(.text)
    ReadDataFromEEPROM                       0x0800ddd9   Thumb Code   120  eeprom.o(.text)
    WriteDataToEEPROM                        0x0800de51   Thumb Code   120  eeprom.o(.text)
    WriteDataToEEPROMEx                      0x0800dec9   Thumb Code   118  eeprom.o(.text)
    Set_IAPReady_Attr                        0x0800df9f   Thumb Code    42  flashattr.o(.text)
    Get_IAPReady_Attr                        0x0800e099   Thumb Code    52  flashattr.o(.text)
    Set_IAPPackSave_Attr                     0x0800e0cd   Thumb Code    56  flashattr.o(.text)
    Set_433Channel_Attr                      0x0800e105   Thumb Code    70  flashattr.o(.text)
    Get_433Channel_Attr                      0x0800e14b   Thumb Code    20  flashattr.o(.text)
    LinkInit                                 0x0800e171   Thumb Code     8  linksrc.o(.text)
    LinkClr                                  0x0800e179   Thumb Code     8  linksrc.o(.text)
    CmpSampAndLinkValue                      0x0800e181   Thumb Code   130  linksrc.o(.text)
    GetConditionReverse                      0x0800e203   Thumb Code    56  linksrc.o(.text)
    GetConditionOffset                       0x0800e23b   Thumb Code    78  linksrc.o(.text)
    LinkSrcExe                               0x0800e289   Thumb Code   436  linksrc.o(.text)
    CheckLinkFull                            0x0800e441   Thumb Code    18  linkwrdc.o(.text)
    QueryLink                                0x0800e453   Thumb Code    22  linkwrdc.o(.text)
    QueryAllLinkFromTable                    0x0800e469   Thumb Code    64  linkwrdc.o(.text)
    ReadLinkFromTable                        0x0800e4a9   Thumb Code    34  linkwrdc.o(.text)
    WriteLinkToTable                         0x0800e4cb   Thumb Code    62  linkwrdc.o(.text)
    DelAllLinkFromTable                      0x0800e509   Thumb Code    46  linkwrdc.o(.text)
    DelLinkFromTable                         0x0800e537   Thumb Code    30  linkwrdc.o(.text)
    ChkLinkIsExist                           0x0800e555   Thumb Code    26  linkwrdc.o(.text)
    GetLinkNum                               0x0800e56f   Thumb Code    22  linkwrdc.o(.text)
    WriteLinkItem                            0x0800e585   Thumb Code   118  linkwrdc.o(.text)
    ModifyLinkItem                           0x0800e5fb   Thumb Code    76  linkwrdc.o(.text)
    ReadLinkItem                             0x0800e647   Thumb Code   108  linkwrdc.o(.text)
    QueryLinkItem                            0x0800e6b3   Thumb Code    56  linkwrdc.o(.text)
    DelLinkItem                              0x0800e6eb   Thumb Code    68  linkwrdc.o(.text)
    WriteLinkItemEx                          0x0800e72f   Thumb Code   180  linkwrdc.o(.text)
    ModifyLinkItemEx                         0x0800e7e3   Thumb Code   138  linkwrdc.o(.text)
    DelLinkForUnit                           0x0800e86d   Thumb Code   140  linkwrdc.o(.text)
    DelLinkForPropIDandVal                   0x0800e8f9   Thumb Code    84  linkwrdc.o(.text)
    SaveSerialNum                            0x0800e951   Thumb Code    12  msgpackage.o(.text)
    Msg_Feedback                             0x0800e95d   Thumb Code   114  msgpackage.o(.text)
    Msg_UploadUnit                           0x0800ea19   Thumb Code    62  msgpackage.o(.text)
    Msg_Upload                               0x0800ea57   Thumb Code    58  msgpackage.o(.text)
    Msg_Send                                 0x0800ea91   Thumb Code    68  msgpackage.o(.text)
    Check_Area                               0x0800eae1   Thumb Code   112  object.o(.text)
    Check_AreaEx                             0x0800eb51   Thumb Code    40  object.o(.text)
    Check_BandAddr                           0x0800eb79   Thumb Code   116  object.o(.text)
    Object_Check                             0x0800eca7   Thumb Code  1350  object.o(.text)
    ShortObject_Check                        0x0800f217   Thumb Code    90  object.o(.text)
    Set_Scene_Attr                           0x0800f27d   Thumb Code   296  scene&group.o(.text)
    Get_Scene_Attr                           0x0800f3a5   Thumb Code   110  scene&group.o(.text)
    Set_Group_Attr                           0x0800f413   Thumb Code   240  scene&group.o(.text)
    Get_Group_Attr                           0x0800f503   Thumb Code    94  scene&group.o(.text)
    Sign433_SendTestFrame                    0x0800f561   Thumb Code    78  sign433.o(.text)
    Sign433_SendTestFrameStream              0x0800f5af   Thumb Code    28  sign433.o(.text)
    ClearRecTestStatus                       0x0800f5cb   Thumb Code    10  sign433.o(.text)
    Sign433_SendTestReport                   0x0800f5d5   Thumb Code    54  sign433.o(.text)
    SI4432Test_Fail                          0x0800f615   Thumb Code    16  systestattr.o(.text)
    SI4432Test_Attr                          0x0800f625   Thumb Code    68  systestattr.o(.text)
    UserDataDownload_Init                    0x0800f679   Thumb Code    20  userdatadownload.o(.text)
    UserDataDownload_Ready                   0x0800f68d   Thumb Code   184  userdatadownload.o(.text)
    UserDataFrame_Save                       0x0800f745   Thumb Code   134  userdatadownload.o(.text)
    UserDataFrame_Check                      0x0800f7cb   Thumb Code    78  userdatadownload.o(.text)
    DlyMsgFilterProcess                      0x0800f9cd   Thumb Code    50  dlyattrprocess.o(.text)
    CreateBufferNode                         0x0800fd07   Thumb Code   214  dlyattrprocess.o(.text)
    DeleteDlyAssMsg                          0x0800fddd   Thumb Code    30  dlyattrprocess.o(.text)
    TransformTimePara                        0x0800fe0d   Thumb Code   198  timehandle.o(.text)
    CheckTimeParaIsZero                      0x0800ff55   Thumb Code    18  timehandle.o(.text)
    CheckAllTimeParaIsOK                     0x0800ffa5   Thumb Code    40  timehandle.o(.text)
    Get_ResetAddr_Attr                       0x0800ffcd   Thumb Code   100  deviceidsetattr.o(.text)
    Set_ResetAddr_Attr                       0x08010031   Thumb Code   240  deviceidsetattr.o(.text)
    AllALinkTimeClr                          0x08010139   Thumb Code    42  linksimplesttime.o(.text)
    ALinkTimeInit                            0x08010163   Thumb Code    42  linksimplesttime.o(.text)
    QueryALinkTime                           0x0801018d   Thumb Code    50  linksimplesttime.o(.text)
    DelALinkTime                             0x080101bf   Thumb Code   234  linksimplesttime.o(.text)
    WriteALinkTime                           0x080102a9   Thumb Code   134  linksimplesttime.o(.text)
    ReadALinkTime                            0x0801032f   Thumb Code    34  linksimplesttime.o(.text)
    AddALinkTimeCmdX1                        0x08010351   Thumb Code    74  linksimplesttime.o(.text)
    WriteALinkTimeToTable                    0x0801039b   Thumb Code    42  linksimplesttime.o(.text)
    DelALinkTimeFromTable                    0x080103c5   Thumb Code    12  linksimplesttime.o(.text)
    ALinkClr                                 0x080103d9   Thumb Code    62  linksimplest.o(.text)
    ALinkInit                                0x08010417   Thumb Code    62  linksimplest.o(.text)
    ChkALinkIsExist                          0x08010455   Thumb Code    90  linksimplest.o(.text)
    GetALinkNum                              0x080104af   Thumb Code    80  linksimplest.o(.text)
    QueryALink                               0x080104ff   Thumb Code    50  linksimplest.o(.text)
    CheckALinkFull                           0x08010531   Thumb Code    18  linksimplest.o(.text)
    ReadALink                                0x08010543   Thumb Code    50  linksimplest.o(.text)
    WriteALink                               0x08010575   Thumb Code   148  linksimplest.o(.text)
    DelALink                                 0x08010609   Thumb Code   234  linksimplest.o(.text)
    __aeabi_memcpy4                          0x080106fd   Thumb Code     0  rt_memcpy_w.o(.text)
    __aeabi_memcpy8                          0x080106fd   Thumb Code     0  rt_memcpy_w.o(.text)
    __rt_memcpy_w                            0x080106fd   Thumb Code   100  rt_memcpy_w.o(.text)
    _memcpy_lastbytes_aligned                0x08010745   Thumb Code     0  rt_memcpy_w.o(.text)
    __aeabi_memclr4                          0x08010761   Thumb Code     0  rt_memclr_w.o(.text)
    __aeabi_memclr8                          0x08010761   Thumb Code     0  rt_memclr_w.o(.text)
    __rt_memclr_w                            0x08010761   Thumb Code    78  rt_memclr_w.o(.text)
    _memset_w                                0x08010765   Thumb Code     0  rt_memclr_w.o(.text)
    __use_two_region_memory                  0x080107af   Thumb Code     2  heapauxi.o(.text)
    __rt_heap_escrow$2region                 0x080107b1   Thumb Code     2  heapauxi.o(.text)
    __rt_heap_expand$2region                 0x080107b3   Thumb Code     2  heapauxi.o(.text)
    __user_setup_stackheap                   0x080107b5   Thumb Code    74  sys_stackheap_outer.o(.text)
    exit                                     0x080107ff   Thumb Code    18  exit.o(.text)
    __user_libspace                          0x08010811   Thumb Code     8  libspace.o(.text)
    __user_perproc_libspace                  0x08010811   Thumb Code     0  libspace.o(.text)
    __user_perthread_libspace                0x08010811   Thumb Code     0  libspace.o(.text)
    _sys_exit                                0x08010819   Thumb Code     8  sys_exit.o(.text)
    __I$use$semihosting                      0x08010825   Thumb Code     0  use_no_semi.o(.text)
    __use_no_semihosting_swi                 0x08010825   Thumb Code     2  use_no_semi.o(.text)
    Check_PositionRange                      0x08010827   Thumb Code    22  userdata.o(i.Check_PositionRange)
    __semihosting_library_function           0x08010827   Thumb Code     0  indicate_semi.o(.text)
    DecryptionFlash                          0x0801083d   Thumb Code    54  scene&group.o(i.DecryptionFlash)
    __aeabi_dadd                             0x08010881   Thumb Code     0  daddsub_clz.o(x$fpl$dadd)
    _dadd                                    0x08010881   Thumb Code   332  daddsub_clz.o(x$fpl$dadd)
    __aeabi_d2uiz                            0x080109d1   Thumb Code     0  dfixu.o(x$fpl$dfixu)
    _dfixu                                   0x080109d1   Thumb Code    90  dfixu.o(x$fpl$dfixu)
    __aeabi_i2d                              0x08010a2b   Thumb Code     0  dflt_clz.o(x$fpl$dflt)
    _dflt                                    0x08010a2b   Thumb Code    46  dflt_clz.o(x$fpl$dflt)
    __aeabi_ui2d                             0x08010a59   Thumb Code     0  dflt_clz.o(x$fpl$dfltu)
    _dfltu                                   0x08010a59   Thumb Code    38  dflt_clz.o(x$fpl$dfltu)
    __aeabi_dmul                             0x08010a81   Thumb Code     0  dmul.o(x$fpl$dmul)
    _dmul                                    0x08010a81   Thumb Code   332  dmul.o(x$fpl$dmul)
    __fpl_dnaninf                            0x08010bd5   Thumb Code   156  dnaninf.o(x$fpl$dnaninf)
    __fpl_dretinf                            0x08010c71   Thumb Code    12  dretinf.o(x$fpl$dretinf)
    __aeabi_dsub                             0x08010c7d   Thumb Code     0  daddsub_clz.o(x$fpl$dsub)
    _dsub                                    0x08010c7d   Thumb Code   464  daddsub_clz.o(x$fpl$dsub)
    __I$use$fp                               0x08010e50   Number         0  usenofp.o(x$fpl$usenofp)
    Si4432Cfg_Tab                            0x08010e58   Data          21  si4432.o(.constdata)
    UnitTab                                  0x08010e78   Data          40  unitcfg.o(.constdata)
    VoltageTab                               0x08010ea0   Data          22  capacity.o(.constdata)
    VoiceAttrTab                             0x08010ed0   Data         260  voiceexeattr.o(.constdata)
    HeadCMD                                  0x08010fd4   Data           6  command.o(.constdata)
    TailCMD                                  0x08010fda   Data           6  command.o(.constdata)
    SysAttrTable                             0x08010fe0   Data         800  sysexeattr.o(.constdata)
    ShiftBit                                 0x08011300   Data           4  dataencrypt.o(.constdata)
    DerictShift                              0x08011304   Data           4  dataencrypt.o(.constdata)
    EncodeX                                  0x08011308   Data           4  dataencrypt.o(.constdata)
    EncodeY                                  0x0801130c   Data           4  dataencrypt.o(.constdata)
    DevPivotalSet                            0x08011310   Data          72  devparttab.o(.constdata)
    CRCTable                                 0x08011358   Data         512  crc.o(.constdata)
    Region$$Table$$Base                      0x08011558   Number         0  anon$$obj.o(Region$$Table)
    Region$$Table$$Limit                     0x08011578   Number         0  anon$$obj.o(Region$$Table)
    AHBPrescTable                            0x20000000   Data          16  system_stm32f10x.o(.data)
    TestRecFlag                              0x20000017   Data           1  si4432.o(.data)
    Test                                     0x20000034   Data           4  test.o(.data)
    UartDataProcess                          0x20000049   Data           2  uart.o(.data)
    SYN7318BufLen                            0x2000004b   Data           1  uart.o(.data)
    CS_Busy                                  0x20000052   Data           1  wt558d.o(.data)
    gRecognitionResult                       0x20000060   Data           8  syn7318dataanalyze.o(.data)
    SYN7318                                  0x20000068   Data           5  syn7318dataanalyze.o(.data)
    SYN7318Buf                               0x20000070   Data           4  syn7318dataanalyze.o(.data)
    UPDATA_LEVEL                             0x20000078   Data           1  updata.o(.data)
    UpgradeAim                               0x20000079   Data           1  updata.o(.data)
    UpgradePre                               0x2000007c   Data         264  updata.o(.data)
    DelayID                                  0x2000019c   Data           4  object.o(.data)
    Sign433_State                            0x200001a1   Data           1  sign433.o(.data)
    TestRecRSSI                              0x200001ac   Data         100  si4432.o(.bss)
    gUnitData                                0x20000210   Data          20  unitcfg.o(.bss)
    RcvFrom7318tmp                           0x20000224   Data          36  uart.o(.bss)
    gVoice                                   0x20000248   Data          10  voicerecognition.o(.bss)
    gVoiceState                              0x20000252   Data          11  voicerecognition.o(.bss)
    rcv433fifo                               0x20000860   Data          16  cmdprocess.o(.bss)
    send433fifo                              0x20000870   Data          16  cmdprocess.o(.bss)
    rcvBuf                                   0x20000880   Data        1024  cmdprocess.o(.bss)
    rcv_433                                  0x20001080   Data         272  cmdprocess.o(.bss)
    send_433                                 0x20001190   Data         272  cmdprocess.o(.bss)
    rcv433_shortfifo                         0x200012a0   Data          16  cmdprocess.o(.bss)
    send433_shortfifo                        0x200012b0   Data          16  cmdprocess.o(.bss)
    rcvshortBuf                              0x200012c0   Data         128  cmdprocess.o(.bss)
    rcv_433short                             0x200013c0   Data         272  cmdprocess.o(.bss)
    send_433short                            0x200014d0   Data         272  cmdprocess.o(.bss)
    propfifo                                 0x200015e0   Data          16  linkscanfifo.o(.bss)
    propbuf                                  0x200015f0   Data         128  linkscanfifo.o(.bss)
    IAP_FLAG                                 0x200017b4   Data          16  updata.o(.bss)
    bootflag                                 0x200017c4   Data          12  updata.o(.bss)
    RADIO_PARA                               0x200017d0   Data          16  updata.o(.bss)
    gSysData                                 0x20001900   Data          31  userdata.o(.bss)
    gSign433Comm                             0x20001d88   Data          12  sign433.o(.bss)
    UserDownload                             0x20001d94   Data         140  userdatadownload.o(.bss)
    ALinkTime                                0x20002221   Data         351  linksimplesttime.o(.bss)
    ALink                                    0x20002380   Data        1651  linksimplest.o(.bss)
    __libspace_start                         0x200029f4   Data          96  libspace.o(.bss)
    __temporary_stack_top$libspace           0x20002a54   Data           0  libspace.o(.bss)



==============================================================================

Memory Map of the image

  Image Entry point : 0x080064ed

  Load Region LR_IROM1 (Base: 0x08006400, Size: 0x0000b324, Max: 0x00020000, ABSOLUTE, COMPRESSED[0x0000b1a0])

    Execution Region ER_IROM1 (Base: 0x08006400, Size: 0x0000b178, Max: 0x00020000, ABSOLUTE)

    Base Addr    Size         Type   Attr      Idx    E Section Name        Object

    0x08006400   0x000000ec   Data   RO           43    RESET               startup_stm32f10x_md.o
    0x080064ec   0x00000008   Code   RO         1503  * !!!main             c_w.l(__main.o)
    0x080064f4   0x00000034   Code   RO         1685    !!!scatter          c_w.l(__scatter.o)
    0x08006528   0x0000003a   Code   RO         1683    !!dczerorl          c_w.l(__dczerorl.o)
    0x08006562   0x00000002   PAD
    0x08006564   0x0000001c   Code   RO         1687    !!handler_zi        c_w.l(__scatter_zi.o)
    0x08006580   0x00000002   Code   RO         1553    .ARM.Collect$$libinit$$00000000  c_w.l(libinit.o)
    0x08006582   0x00000000   Code   RO         1560    .ARM.Collect$$libinit$$00000002  c_w.l(libinit2.o)
    0x08006582   0x00000000   Code   RO         1562    .ARM.Collect$$libinit$$00000004  c_w.l(libinit2.o)
    0x08006582   0x00000000   Code   RO         1565    .ARM.Collect$$libinit$$0000000A  c_w.l(libinit2.o)
    0x08006582   0x00000000   Code   RO         1567    .ARM.Collect$$libinit$$0000000C  c_w.l(libinit2.o)
    0x08006582   0x00000000   Code   RO         1569    .ARM.Collect$$libinit$$0000000E  c_w.l(libinit2.o)
    0x08006582   0x00000000   Code   RO         1572    .ARM.Collect$$libinit$$00000011  c_w.l(libinit2.o)
    0x08006582   0x00000000   Code   RO         1574    .ARM.Collect$$libinit$$00000013  c_w.l(libinit2.o)
    0x08006582   0x00000000   Code   RO         1576    .ARM.Collect$$libinit$$00000015  c_w.l(libinit2.o)
    0x08006582   0x00000000   Code   RO         1578    .ARM.Collect$$libinit$$00000017  c_w.l(libinit2.o)
    0x08006582   0x00000000   Code   RO         1580    .ARM.Collect$$libinit$$00000019  c_w.l(libinit2.o)
    0x08006582   0x00000000   Code   RO         1582    .ARM.Collect$$libinit$$0000001B  c_w.l(libinit2.o)
    0x08006582   0x00000000   Code   RO         1584    .ARM.Collect$$libinit$$0000001D  c_w.l(libinit2.o)
    0x08006582   0x00000000   Code   RO         1586    .ARM.Collect$$libinit$$0000001F  c_w.l(libinit2.o)
    0x08006582   0x00000000   Code   RO         1588    .ARM.Collect$$libinit$$00000021  c_w.l(libinit2.o)
    0x08006582   0x00000000   Code   RO         1590    .ARM.Collect$$libinit$$00000023  c_w.l(libinit2.o)
    0x08006582   0x00000000   Code   RO         1592    .ARM.Collect$$libinit$$00000025  c_w.l(libinit2.o)
    0x08006582   0x00000000   Code   RO         1596    .ARM.Collect$$libinit$$0000002C  c_w.l(libinit2.o)
    0x08006582   0x00000000   Code   RO         1598    .ARM.Collect$$libinit$$0000002E  c_w.l(libinit2.o)
    0x08006582   0x00000000   Code   RO         1600    .ARM.Collect$$libinit$$00000030  c_w.l(libinit2.o)
    0x08006582   0x00000000   Code   RO         1602    .ARM.Collect$$libinit$$00000032  c_w.l(libinit2.o)
    0x08006582   0x00000002   Code   RO         1603    .ARM.Collect$$libinit$$00000033  c_w.l(libinit2.o)
    0x08006584   0x00000002   Code   RO         1623    .ARM.Collect$$libshutdown$$00000000  c_w.l(libshutdown.o)
    0x08006586   0x00000000   Code   RO         1636    .ARM.Collect$$libshutdown$$00000002  c_w.l(libshutdown2.o)
    0x08006586   0x00000000   Code   RO         1638    .ARM.Collect$$libshutdown$$00000004  c_w.l(libshutdown2.o)
    0x08006586   0x00000000   Code   RO         1641    .ARM.Collect$$libshutdown$$00000007  c_w.l(libshutdown2.o)
    0x08006586   0x00000000   Code   RO         1644    .ARM.Collect$$libshutdown$$0000000A  c_w.l(libshutdown2.o)
    0x08006586   0x00000000   Code   RO         1646    .ARM.Collect$$libshutdown$$0000000C  c_w.l(libshutdown2.o)
    0x08006586   0x00000000   Code   RO         1649    .ARM.Collect$$libshutdown$$0000000F  c_w.l(libshutdown2.o)
    0x08006586   0x00000002   Code   RO         1650    .ARM.Collect$$libshutdown$$00000010  c_w.l(libshutdown2.o)
    0x08006588   0x00000000   Code   RO         1523    .ARM.Collect$$rtentry$$00000000  c_w.l(__rtentry.o)
    0x08006588   0x00000000   Code   RO         1530    .ARM.Collect$$rtentry$$00000002  c_w.l(__rtentry2.o)
    0x08006588   0x00000006   Code   RO         1542    .ARM.Collect$$rtentry$$00000004  c_w.l(__rtentry4.o)
    0x0800658e   0x00000000   Code   RO         1532    .ARM.Collect$$rtentry$$00000009  c_w.l(__rtentry2.o)
    0x0800658e   0x00000004   Code   RO         1533    .ARM.Collect$$rtentry$$0000000A  c_w.l(__rtentry2.o)
    0x08006592   0x00000000   Code   RO         1535    .ARM.Collect$$rtentry$$0000000C  c_w.l(__rtentry2.o)
    0x08006592   0x00000008   Code   RO         1536    .ARM.Collect$$rtentry$$0000000D  c_w.l(__rtentry2.o)
    0x0800659a   0x00000002   Code   RO         1557    .ARM.Collect$$rtexit$$00000000  c_w.l(rtexit.o)
    0x0800659c   0x00000000   Code   RO         1605    .ARM.Collect$$rtexit$$00000002  c_w.l(rtexit2.o)
    0x0800659c   0x00000004   Code   RO         1606    .ARM.Collect$$rtexit$$00000003  c_w.l(rtexit2.o)
    0x080065a0   0x00000006   Code   RO         1607    .ARM.Collect$$rtexit$$00000004  c_w.l(rtexit2.o)
    0x080065a6   0x00000002   PAD
    0x080065a8   0x0000001c   Code   RO          258    .emb_text           sys.o
    0x080065c4   0x00000290   Code   RO            1    .text               system_stm32f10x.o
    0x08006854   0x0000003c   Code   RO           44    .text               startup_stm32f10x_md.o
    0x08006890   0x0000008c   Code   RO           49    .text               devicereset.o
    0x0800691c   0x000001f4   Code   RO           99    .text               flash.o
    0x08006b10   0x000000a4   Code   RO          115    .text               gpio.o
    0x08006bb4   0x000003e0   Code   RO          127    .text               i2c.o
    0x08006f94   0x0000005c   Code   RO          142    .text               instruct.o
    0x08006ff0   0x00000220   Code   RO          157    .text               program.o
    0x08007210   0x0000096c   Code   RO          183    .text               si4432.o
    0x08007b7c   0x00000138   Code   RO          243    .text               spi.o
    0x08007cb4   0x00000144   Code   RO          259    .text               sys.o
    0x08007df8   0x00000108   Code   RO          274    .text               syshard.o
    0x08007f00   0x00000084   Code   RO          289    .text               systick.o
    0x08007f84   0x00000024   Code   RO          303    .text               test.o
    0x08007fa8   0x00000074   Code   RO          324    .text               wdg.o
    0x0800801c   0x00000054   Code   RO          339    .text               main.o
    0x08008070   0x00000040   Code   RO          373    .text               unitcfg.o
    0x080080b0   0x0000014c   Code   RO          435    .text               key.o
    0x080081fc   0x00000070   Code   RO          452    .text               led.o
    0x0800826c   0x00000160   Code   RO          467    .text               adc.o
    0x080083cc   0x000001c8   Code   RO          482    .text               capacity.o
    0x08008594   0x00000188   Code   RO          508    .text               powerstatus.o
    0x0800871c   0x000001b8   Code   RO          528    .text               uart.o
    0x080088d4   0x00000204   Code   RO          558    .text               pwm.o
    0x08008ad8   0x0000020c   Code   RO          575    .text               wt558d.o
    0x08008ce4   0x000000fc   Code   RO          593    .text               keyunit.o
    0x08008de0   0x0000000c   Code   RO          608    .text               voiceplayunit.o
    0x08008dec   0x00000914   Code   RO          634    .text               voicerecognition.o
    0x08009700   0x00000094   Code   RO          662    .text               voiceplayattr.o
    0x08009794   0x00000320   Code   RO          675    .text               voiceexeattr.o
    0x08009ab4   0x0000019c   Code   RO          695    .text               syn7318buf.o
    0x08009c50   0x00000660   Code   RO          714    .text               syn7318dataanalyze.o
    0x0800a2b0   0x00000100   Code   RO          736    .text               BestFu_STM32F10X_10200.lib(bestfulib.o)
    0x0800a3b0   0x00000350   Code   RO          751    .text               BestFu_STM32F10X_10200.lib(cmdprocess.o)
    0x0800a700   0x0000032c   Code   RO          825    .text               BestFu_STM32F10X_10200.lib(command.o)
    0x0800aa2c   0x00000034   Code   RO          846    .text               BestFu_STM32F10X_10200.lib(delay.o)
    0x0800aa60   0x00000050   Code   RO          871    .text               BestFu_STM32F10X_10200.lib(faultmanage.o)
    0x0800aab0   0x00000296   Code   RO          892    .text               BestFu_STM32F10X_10200.lib(fifo.o)
    0x0800ad46   0x00000002   PAD
    0x0800ad48   0x000000a0   Code   RO          904    .text               BestFu_STM32F10X_10200.lib(linkscanfifo.o)
    0x0800ade8   0x000001a8   Code   RO          945    .text               BestFu_STM32F10X_10200.lib(sign433attr.o)
    0x0800af90   0x00000ad4   Code   RO          985    .text               BestFu_STM32F10X_10200.lib(sysexeattr.o)
    0x0800ba64   0x0000032c   Code   RO         1025    .text               BestFu_STM32F10X_10200.lib(thread.o)
    0x0800bd90   0x000002fc   Code   RO         1039    .text               BestFu_STM32F10X_10200.lib(unitshare_attr.o)
    0x0800c08c   0x00000318   Code   RO         1058    .text               BestFu_STM32F10X_10200.lib(updata.o)
    0x0800c3a4   0x000002e0   Code   RO         1093    .text               BestFu_STM32F10X_10200.lib(upload.o)
    0x0800c684   0x00001278   Code   RO         1112    .text               BestFu_STM32F10X_10200.lib(userdata.o)
    0x0800d8fc   0x000003bc   Code   RO         1152    .text               BestFu_STM32F10X_10200.lib(dataencrypt.o)
    0x0800dcb8   0x000000b0   Code   RO         1180    .text               BestFu_STM32F10X_10200.lib(devparttab.o)
    0x0800dd68   0x00000070   Code   RO         1199    .text               BestFu_STM32F10X_10200.lib(crc.o)
    0x0800ddd8   0x00000166   Code   RO         1214    .text               BestFu_STM32F10X_10200.lib(eeprom.o)
    0x0800df3e   0x00000002   PAD
    0x0800df40   0x00000230   Code   RO         1232    .text               BestFu_STM32F10X_10200.lib(flashattr.o)
    0x0800e170   0x000002d0   Code   RO         1244    .text               BestFu_STM32F10X_10200.lib(linksrc.o)
    0x0800e440   0x00000510   Code   RO         1256    .text               BestFu_STM32F10X_10200.lib(linkwrdc.o)
    0x0800e950   0x00000190   Code   RO         1275    .text               BestFu_STM32F10X_10200.lib(msgpackage.o)
    0x0800eae0   0x0000079c   Code   RO         1287    .text               BestFu_STM32F10X_10200.lib(object.o)
    0x0800f27c   0x000002e4   Code   RO         1317    .text               BestFu_STM32F10X_10200.lib(scene&group.o)
    0x0800f560   0x000000b4   Code   RO         1342    .text               BestFu_STM32F10X_10200.lib(sign433.o)
    0x0800f614   0x00000064   Code   RO         1362    .text               BestFu_STM32F10X_10200.lib(systestattr.o)
    0x0800f678   0x000001b0   Code   RO         1381    .text               BestFu_STM32F10X_10200.lib(userdatadownload.o)
    0x0800f828   0x000005e4   Code   RO         1399    .text               BestFu_STM32F10X_10200.lib(dlyattrprocess.o)
    0x0800fe0c   0x000001c0   Code   RO         1418    .text               BestFu_STM32F10X_10200.lib(timehandle.o)
    0x0800ffcc   0x0000016c   Code   RO         1430    .text               BestFu_STM32F10X_10200.lib(deviceidsetattr.o)
    0x08010138   0x000002a0   Code   RO         1449    .text               BestFu_STM32F10X_10200.lib(linksimplesttime.o)
    0x080103d8   0x00000324   Code   RO         1474    .text               BestFu_STM32F10X_10200.lib(linksimplest.o)
    0x080106fc   0x00000064   Code   RO         1497    .text               c_w.l(rt_memcpy_w.o)
    0x08010760   0x0000004e   Code   RO         1499    .text               c_w.l(rt_memclr_w.o)
    0x080107ae   0x00000006   Code   RO         1501    .text               c_w.l(heapauxi.o)
    0x080107b4   0x0000004a   Code   RO         1544    .text               c_w.l(sys_stackheap_outer.o)
    0x080107fe   0x00000012   Code   RO         1546    .text               c_w.l(exit.o)
    0x08010810   0x00000008   Code   RO         1554    .text               c_w.l(libspace.o)
    0x08010818   0x0000000c   Code   RO         1615    .text               c_w.l(sys_exit.o)
    0x08010824   0x00000002   Code   RO         1626    .text               c_w.l(use_no_semi.o)
    0x08010826   0x00000000   Code   RO         1628    .text               c_w.l(indicate_semi.o)
    0x08010826   0x00000016   Code   RO         1125    i.Check_PositionRange  BestFu_STM32F10X_10200.lib(userdata.o)
    0x0801083c   0x00000044   Code   RO         1326    i.DecryptionFlash   BestFu_STM32F10X_10200.lib(scene&group.o)
    0x08010880   0x00000150   Code   RO         1505    x$fpl$dadd          fz_ws.l(daddsub_clz.o)
    0x080109d0   0x0000005a   Code   RO         1511    x$fpl$dfixu         fz_ws.l(dfixu.o)
    0x08010a2a   0x0000002e   Code   RO         1516    x$fpl$dflt          fz_ws.l(dflt_clz.o)
    0x08010a58   0x00000026   Code   RO         1515    x$fpl$dfltu         fz_ws.l(dflt_clz.o)
    0x08010a7e   0x00000002   PAD
    0x08010a80   0x00000154   Code   RO         1521    x$fpl$dmul          fz_ws.l(dmul.o)
    0x08010bd4   0x0000009c   Code   RO         1524    x$fpl$dnaninf       fz_ws.l(dnaninf.o)
    0x08010c70   0x0000000c   Code   RO         1526    x$fpl$dretinf       fz_ws.l(dretinf.o)
    0x08010c7c   0x000001d4   Code   RO         1507    x$fpl$dsub          fz_ws.l(daddsub_clz.o)
    0x08010e50   0x00000000   Code   RO         1528    x$fpl$usenofp       fz_ws.l(usenofp.o)
    0x08010e50   0x00000008   Data   RO          158    .constdata          program.o
    0x08010e58   0x0000001e   Data   RO          185    .constdata          si4432.o
    0x08010e76   0x00000002   PAD
    0x08010e78   0x00000028   Data   RO          375    .constdata          unitcfg.o
    0x08010ea0   0x00000016   Data   RO          483    .constdata          capacity.o
    0x08010eb6   0x00000002   PAD
    0x08010eb8   0x00000015   Data   RO          636    .constdata          voicerecognition.o
    0x08010ecd   0x00000003   PAD
    0x08010ed0   0x00000104   Data   RO          677    .constdata          voiceexeattr.o
    0x08010fd4   0x0000000c   Data   RO          826    .constdata          BestFu_STM32F10X_10200.lib(command.o)
    0x08010fe0   0x00000320   Data   RO          986    .constdata          BestFu_STM32F10X_10200.lib(sysexeattr.o)
    0x08011300   0x00000010   Data   RO         1153    .constdata          BestFu_STM32F10X_10200.lib(dataencrypt.o)
    0x08011310   0x00000048   Data   RO         1181    .constdata          BestFu_STM32F10X_10200.lib(devparttab.o)
    0x08011358   0x00000200   Data   RO         1200    .constdata          BestFu_STM32F10X_10200.lib(crc.o)
    0x08011558   0x00000020   Data   RO         1681    Region$$Table       anon$$obj.o


    Execution Region RW_IRAM1 (Base: 0x20000000, Size: 0x00003658, Max: 0x00005000, ABSOLUTE, COMPRESSED[0x00000028])

    Base Addr    Size         Type   Attr      Idx    E Section Name        Object

    0x20000000   0x00000010   Data   RW            2    .data               system_stm32f10x.o
    0x20000010   0x00000004   Data   RW           50    .data               devicereset.o
    0x20000014   0x00000018   Data   RW          186    .data               si4432.o
    0x2000002c   0x00000008   Data   RW          290    .data               systick.o
    0x20000034   0x00000004   Data   RW          304    .data               test.o
    0x20000038   0x00000008   Data   RW          436    .data               key.o
    0x20000040   0x00000007   Data   RW          484    .data               capacity.o
    0x20000047   0x00000002   Data   RW          509    .data               powerstatus.o
    0x20000049   0x00000004   Data   RW          530    .data               uart.o
    0x2000004d   0x00000004   Data   RW          559    .data               pwm.o
    0x20000051   0x00000002   Data   RW          576    .data               wt558d.o
    0x20000053   0x00000005   Data   RW          637    .data               voicerecognition.o
    0x20000058   0x00000005   Data   RW          697    .data               syn7318buf.o
    0x2000005d   0x00000003   PAD
    0x20000060   0x00000018   Data   RW          715    .data               syn7318dataanalyze.o
    0x20000078   0x0000010c   Data   RW         1060    .data               BestFu_STM32F10X_10200.lib(updata.o)
    0x20000184   0x00000001   Data   RW         1095    .data               BestFu_STM32F10X_10200.lib(upload.o)
    0x20000185   0x00000003   PAD
    0x20000188   0x00000005   Data   RW         1114    .data               BestFu_STM32F10X_10200.lib(userdata.o)
    0x2000018d   0x00000008   Data   RW         1154    .data               BestFu_STM32F10X_10200.lib(dataencrypt.o)
    0x20000195   0x00000003   PAD
    0x20000198   0x00000004   Data   RW         1182    .data               BestFu_STM32F10X_10200.lib(devparttab.o)
    0x2000019c   0x00000005   Data   RW         1289    .data               BestFu_STM32F10X_10200.lib(object.o)
    0x200001a1   0x00000002   Data   RW         1344    .data               BestFu_STM32F10X_10200.lib(sign433.o)
    0x200001a3   0x00000001   PAD
    0x200001a4   0x00000005   Data   RW         1401    .data               BestFu_STM32F10X_10200.lib(dlyattrprocess.o)
    0x200001a9   0x00000003   PAD
    0x200001ac   0x00000064   Zero   RW          184    .bss                si4432.o
    0x20000210   0x00000014   Zero   RW          374    .bss                unitcfg.o
    0x20000224   0x00000024   Zero   RW          529    .bss                uart.o
    0x20000248   0x00000015   Zero   RW          635    .bss                voicerecognition.o
    0x2000025d   0x00000003   PAD
    0x20000260   0x00000600   Zero   RW          696    .bss                syn7318buf.o
    0x20000860   0x00000d80   Zero   RW          752    .bss                BestFu_STM32F10X_10200.lib(cmdprocess.o)
    0x200015e0   0x00000090   Zero   RW          905    .bss                BestFu_STM32F10X_10200.lib(linkscanfifo.o)
    0x20001670   0x00000144   Zero   RW         1026    .bss                BestFu_STM32F10X_10200.lib(thread.o)
    0x200017b4   0x0000002c   Zero   RW         1059    .bss                BestFu_STM32F10X_10200.lib(updata.o)
    0x200017e0   0x00000120   Zero   RW         1094    .bss                BestFu_STM32F10X_10200.lib(upload.o)
    0x20001900   0x00000346   Zero   RW         1113    .bss                BestFu_STM32F10X_10200.lib(userdata.o)
    0x20001c46   0x00000002   PAD
    0x20001c48   0x00000140   Zero   RW         1288    .bss                BestFu_STM32F10X_10200.lib(object.o)
    0x20001d88   0x0000000c   Zero   RW         1343    .bss                BestFu_STM32F10X_10200.lib(sign433.o)
    0x20001d94   0x0000008c   Zero   RW         1382    .bss                BestFu_STM32F10X_10200.lib(userdatadownload.o)
    0x20001e20   0x00000401   Zero   RW         1400    .bss                BestFu_STM32F10X_10200.lib(dlyattrprocess.o)
    0x20002221   0x0000015f   Zero   RW         1450    .bss                BestFu_STM32F10X_10200.lib(linksimplesttime.o)
    0x20002380   0x00000673   Zero   RW         1475    .bss                BestFu_STM32F10X_10200.lib(linksimplest.o)
    0x200029f3   0x00000001   PAD
    0x200029f4   0x00000060   Zero   RW         1555    .bss                c_w.l(libspace.o)
    0x20002a54   0x00000004   PAD
    0x20002a58   0x00000000   Zero   RW           42    HEAP                startup_stm32f10x_md.o
    0x20002a58   0x00000c00   Zero   RW           41    STACK               startup_stm32f10x_md.o


==============================================================================

Image component sizes


      Code (inc. data)   RO Data    RW Data    ZI Data      Debug   Object Name

       352         12          0          0          0        727   adc.o
       456         42         22          7          0       3878   capacity.o
       140         14          0          4          0       6599   devicereset.o
       500         14          0          0          0       2884   flash.o
       164          8          0          0          0       1785   gpio.o
       992          0          0          0          0       3761   i2c.o
        92          6          0          0          0        806   instruct.o
       332         14          0          8          0       2126   key.o
       252         18          0          0          0        807   keyunit.o
       112          0          0          0          0       1129   led.o
        84         18          0          0          0       1941   main.o
       392         24          0          2          0       1636   powerstatus.o
       544         26          8          0          0       3917   program.o
       516         46          0          4          0       2202   pwm.o
      2412        118         30         24        100       8411   si4432.o
       312         16          0          0          0       1009   spi.o
        60         22        236          0       3072        828   startup_stm32f10x_md.o
       412         22          0          5       1536       3182   syn7318buf.o
      1632        116          0         24          0       5837   syn7318dataanalyze.o
       352         32          0          0          0       2620   sys.o
       264         22          0          0          0        958   syshard.o
       656         38          0         16          0     208658   system_stm32f10x.o
       132         12          0          8          0       1319   systick.o
        36          6          0          4          0        687   test.o
       440         38          0          4         36       4699   uart.o
        64          8         40          0         20       3236   unitcfg.o
       800         28        260          0          0       6371   voiceexeattr.o
       148          4          0          0          0       2921   voiceplayattr.o
        12          0          0          0          0        618   voiceplayunit.o
      2324        124         21          5         21       8812   voicerecognition.o
       116          6          0          0          0       1457   wdg.o
       524         22          0          2          0       3202   wt558d.o

    ----------------------------------------------------------------------
     15624        876        656        120       4788     299023   Object Totals
         0          0         32          0          0          0   (incl. Generated)
         0          0          7          3          3          0   (incl. Padding)

    ----------------------------------------------------------------------

      Code (inc. data)   RO Data    RW Data    ZI Data      Debug   Library Member Name

       256          0          0          0          0       2522   bestfulib.o
       848        100          0          0       3456      15594   cmdprocess.o
       812          8         12          0          0       3449   command.o
       112          4        512          0          0       1719   crc.o
       956         24         16          8          0       3753   dataencrypt.o
        52          0          0          0          0        716   delay.o
       364         24          0          0          0       2390   deviceidsetattr.o
       176         14         72          4          0       2445   devparttab.o
      1508         28          0          5       1025       5469   dlyattrprocess.o
       358          0          0          0          0       2111   eeprom.o
        80          6          0          0          0       1843   faultmanage.o
       662          0          0          0          0       4210   fifo.o
       560         18          0          0          0       3555   flashattr.o
       160         14          0          0        144       4262   linkscanfifo.o
       804         10          0          0       1651       5406   linksimplest.o
       672          8          0          0        351       4844   linksimplesttime.o
       720         34          0          0          0       2709   linksrc.o
      1296         10          0          0          0       9356   linkwrdc.o
       400         12          0          0          0       2812   msgpackage.o
      1948         52          0          5        320       6268   object.o
       808         14          0          0          0       3424   scene&group.o
       180         10          0          2         12       2537   sign433.o
       424         26          0          0          0       9561   sign433attr.o
      2772         28        800          0          0      16123   sysexeattr.o
       100         16          0          0          0        778   systestattr.o
       812          4          0          0        324       3549   thread.o
       448          0          0          0          0       2317   timehandle.o
       764         10          0          0          0       3379   unitshare_attr.o
       792         32          0        268         44       5208   updata.o
       736         34          0          1        288       2908   upload.o
      4750         58          0          5        838      21514   userdata.o
       432         16          0          0        140       2425   userdatadownload.o
        58          0          0          0          0          0   __dczerorl.o
         8          0          0          0          0         68   __main.o
         0          0          0          0          0          0   __rtentry.o
        12          0          0          0          0          0   __rtentry2.o
         6          0          0          0          0          0   __rtentry4.o
        52          8          0          0          0          0   __scatter.o
        28          0          0          0          0          0   __scatter_zi.o
        18          0          0          0          0         80   exit.o
         6          0          0          0          0        152   heapauxi.o
         0          0          0          0          0          0   indicate_semi.o
         2          0          0          0          0          0   libinit.o
         2          0          0          0          0          0   libinit2.o
         2          0          0          0          0          0   libshutdown.o
         2          0          0          0          0          0   libshutdown2.o
         8          4          0          0         96         68   libspace.o
        78          0          0          0          0         80   rt_memclr_w.o
       100          0          0          0          0         80   rt_memcpy_w.o
         2          0          0          0          0          0   rtexit.o
        10          0          0          0          0          0   rtexit2.o
        12          4          0          0          0         68   sys_exit.o
        74          0          0          0          0         80   sys_stackheap_outer.o
         2          0          0          0          0         68   use_no_semi.o
       804         16          0          0          0        272   daddsub_clz.o
        90          4          0          0          0         92   dfixu.o
        84          0          0          0          0        136   dflt_clz.o
       340         12          0          0          0        104   dmul.o
       156          4          0          0          0         92   dnaninf.o
        12          0          0          0          0         68   dretinf.o
         0          0          0          0          0          0   usenofp.o

    ----------------------------------------------------------------------
     27740        666       1412        308       8696     160664   Library Totals
        10          0          0         10          7          0   (incl. Padding)

    ----------------------------------------------------------------------

      Code (inc. data)   RO Data    RW Data    ZI Data      Debug   Library Name

     25762        614       1412        298       8593     159156   BestFu_STM32F10X_10200.lib
       482         16          0          0         96        744   c_w.l
      1486         36          0          0          0        764   fz_ws.l

    ----------------------------------------------------------------------
     27740        666       1412        308       8696     160664   Library Totals

    ----------------------------------------------------------------------

==============================================================================


      Code (inc. data)   RO Data    RW Data    ZI Data      Debug   

     43364       1542       2068        428      13484     454067   Grand Totals
     43364       1542       2068         40      13484     454067   ELF Image Totals (compressed)
     43364       1542       2068         40          0          0   ROM Totals

==============================================================================

    Total RO  Size (Code + RO Data)                45432 (  44.37kB)
    Total RW  Size (RW Data + ZI Data)             13912 (  13.59kB)
    Total ROM Size (Code + RO Data + RW Data)      45472 (  44.41kB)

==============================================================================

